Archive member included to satisfy reference by file (symbol)

c:/program files (x86)/atmel/studio/7.0/toolchain/arm/arm-gnu-toolchain/bin/../lib/gcc/arm-none-eabi/6.2.1/../../../../arm-none-eabi/lib/thumb/v7e-m\libc.a(lib_a-exit.o)
                              c:/program files (x86)/atmel/studio/7.0/toolchain/arm/arm-gnu-toolchain/bin/../lib/gcc/arm-none-eabi/6.2.1/../../../../arm-none-eabi/lib/thumb/v7e-m/crt0.o (exit)
c:/program files (x86)/atmel/studio/7.0/toolchain/arm/arm-gnu-toolchain/bin/../lib/gcc/arm-none-eabi/6.2.1/../../../../arm-none-eabi/lib/thumb/v7e-m\libc.a(lib_a-impure.o)
                              c:/program files (x86)/atmel/studio/7.0/toolchain/arm/arm-gnu-toolchain/bin/../lib/gcc/arm-none-eabi/6.2.1/../../../../arm-none-eabi/lib/thumb/v7e-m\libc.a(lib_a-exit.o) (_global_impure_ptr)
c:/program files (x86)/atmel/studio/7.0/toolchain/arm/arm-gnu-toolchain/bin/../lib/gcc/arm-none-eabi/6.2.1/../../../../arm-none-eabi/lib/thumb/v7e-m\libc.a(lib_a-init.o)
                              c:/program files (x86)/atmel/studio/7.0/toolchain/arm/arm-gnu-toolchain/bin/../lib/gcc/arm-none-eabi/6.2.1/../../../../arm-none-eabi/lib/thumb/v7e-m/crt0.o (__libc_init_array)
c:/program files (x86)/atmel/studio/7.0/toolchain/arm/arm-gnu-toolchain/bin/../lib/gcc/arm-none-eabi/6.2.1/../../../../arm-none-eabi/lib/thumb/v7e-m\libc.a(lib_a-memset.o)
                              c:/program files (x86)/atmel/studio/7.0/toolchain/arm/arm-gnu-toolchain/bin/../lib/gcc/arm-none-eabi/6.2.1/../../../../arm-none-eabi/lib/thumb/v7e-m/crt0.o (memset)
c:/program files (x86)/atmel/studio/7.0/toolchain/arm/arm-gnu-toolchain/bin/../lib/gcc/arm-none-eabi/6.2.1/../../../../arm-none-eabi/lib/thumb/v7e-m\libc.a(lib_a-__call_atexit.o)
                              c:/program files (x86)/atmel/studio/7.0/toolchain/arm/arm-gnu-toolchain/bin/../lib/gcc/arm-none-eabi/6.2.1/../../../../arm-none-eabi/lib/thumb/v7e-m\libc.a(lib_a-exit.o) (__call_exitprocs)
c:/program files (x86)/atmel/studio/7.0/toolchain/arm/arm-gnu-toolchain/bin/../lib/gcc/arm-none-eabi/6.2.1/../../../../arm-none-eabi/lib/thumb/v7e-m\libc.a(lib_a-atexit.o)
                              c:/program files (x86)/atmel/studio/7.0/toolchain/arm/arm-gnu-toolchain/bin/../lib/gcc/arm-none-eabi/6.2.1/../../../../arm-none-eabi/lib/thumb/v7e-m\libc.a(lib_a-__call_atexit.o) (atexit)
c:/program files (x86)/atmel/studio/7.0/toolchain/arm/arm-gnu-toolchain/bin/../lib/gcc/arm-none-eabi/6.2.1/../../../../arm-none-eabi/lib/thumb/v7e-m\libc.a(lib_a-fini.o)
                              c:/program files (x86)/atmel/studio/7.0/toolchain/arm/arm-gnu-toolchain/bin/../lib/gcc/arm-none-eabi/6.2.1/../../../../arm-none-eabi/lib/thumb/v7e-m\libc.a(lib_a-__call_atexit.o) (__libc_fini_array)
c:/program files (x86)/atmel/studio/7.0/toolchain/arm/arm-gnu-toolchain/bin/../lib/gcc/arm-none-eabi/6.2.1/../../../../arm-none-eabi/lib/thumb/v7e-m\libc.a(lib_a-__atexit.o)
                              c:/program files (x86)/atmel/studio/7.0/toolchain/arm/arm-gnu-toolchain/bin/../lib/gcc/arm-none-eabi/6.2.1/../../../../arm-none-eabi/lib/thumb/v7e-m\libc.a(lib_a-atexit.o) (__register_exitproc)

Discarded input sections

 .text          0x00000000        0x0 c:/program files (x86)/atmel/studio/7.0/toolchain/arm/arm-gnu-toolchain/bin/../lib/gcc/arm-none-eabi/6.2.1/thumb/v7e-m/crti.o
 .data          0x00000000        0x0 c:/program files (x86)/atmel/studio/7.0/toolchain/arm/arm-gnu-toolchain/bin/../lib/gcc/arm-none-eabi/6.2.1/thumb/v7e-m/crti.o
 .bss           0x00000000        0x0 c:/program files (x86)/atmel/studio/7.0/toolchain/arm/arm-gnu-toolchain/bin/../lib/gcc/arm-none-eabi/6.2.1/thumb/v7e-m/crti.o
 .data          0x00000000        0x4 c:/program files (x86)/atmel/studio/7.0/toolchain/arm/arm-gnu-toolchain/bin/../lib/gcc/arm-none-eabi/6.2.1/thumb/v7e-m/crtbegin.o
 .text          0x00000000       0x74 c:/program files (x86)/atmel/studio/7.0/toolchain/arm/arm-gnu-toolchain/bin/../lib/gcc/arm-none-eabi/6.2.1/../../../../arm-none-eabi/lib/thumb/v7e-m/crt0.o
 .data          0x00000000        0x0 c:/program files (x86)/atmel/studio/7.0/toolchain/arm/arm-gnu-toolchain/bin/../lib/gcc/arm-none-eabi/6.2.1/../../../../arm-none-eabi/lib/thumb/v7e-m/crt0.o
 .bss           0x00000000        0x0 c:/program files (x86)/atmel/studio/7.0/toolchain/arm/arm-gnu-toolchain/bin/../lib/gcc/arm-none-eabi/6.2.1/../../../../arm-none-eabi/lib/thumb/v7e-m/crt0.o
 .ARM.extab     0x00000000        0x0 c:/program files (x86)/atmel/studio/7.0/toolchain/arm/arm-gnu-toolchain/bin/../lib/gcc/arm-none-eabi/6.2.1/../../../../arm-none-eabi/lib/thumb/v7e-m/crt0.o
 .ARM.exidx     0x00000000        0x8 c:/program files (x86)/atmel/studio/7.0/toolchain/arm/arm-gnu-toolchain/bin/../lib/gcc/arm-none-eabi/6.2.1/../../../../arm-none-eabi/lib/thumb/v7e-m/crt0.o
 .ARM.attributes
                0x00000000       0x1c c:/program files (x86)/atmel/studio/7.0/toolchain/arm/arm-gnu-toolchain/bin/../lib/gcc/arm-none-eabi/6.2.1/../../../../arm-none-eabi/lib/thumb/v7e-m/crt0.o
 .group         0x00000000        0x8 Device_Startup/startup_same70q21.o
 .group         0x00000000        0x8 Device_Startup/startup_same70q21.o
 .group         0x00000000        0x8 Device_Startup/startup_same70q21.o
 .group         0x00000000        0x8 Device_Startup/startup_same70q21.o
 .group         0x00000000        0x8 Device_Startup/startup_same70q21.o
 .group         0x00000000        0x8 Device_Startup/startup_same70q21.o
 .group         0x00000000        0x8 Device_Startup/startup_same70q21.o
 .group         0x00000000        0x8 Device_Startup/startup_same70q21.o
 .group         0x00000000        0x8 Device_Startup/startup_same70q21.o
 .group         0x00000000        0x8 Device_Startup/startup_same70q21.o
 .group         0x00000000        0x8 Device_Startup/startup_same70q21.o
 .group         0x00000000        0x8 Device_Startup/startup_same70q21.o
 .group         0x00000000        0x8 Device_Startup/startup_same70q21.o
 .group         0x00000000        0x8 Device_Startup/startup_same70q21.o
 .group         0x00000000        0x8 Device_Startup/startup_same70q21.o
 .group         0x00000000        0x8 Device_Startup/startup_same70q21.o
 .group         0x00000000        0x8 Device_Startup/startup_same70q21.o
 .group         0x00000000        0x8 Device_Startup/startup_same70q21.o
 .group         0x00000000        0x8 Device_Startup/startup_same70q21.o
 .group         0x00000000        0x8 Device_Startup/startup_same70q21.o
 .group         0x00000000        0x8 Device_Startup/startup_same70q21.o
 .group         0x00000000        0x8 Device_Startup/startup_same70q21.o
 .group         0x00000000        0x8 Device_Startup/startup_same70q21.o
 .group         0x00000000        0x8 Device_Startup/startup_same70q21.o
 .group         0x00000000        0x8 Device_Startup/startup_same70q21.o
 .group         0x00000000        0x8 Device_Startup/startup_same70q21.o
 .group         0x00000000        0x8 Device_Startup/startup_same70q21.o
 .group         0x00000000        0x8 Device_Startup/startup_same70q21.o
 .group         0x00000000        0x8 Device_Startup/startup_same70q21.o
 .group         0x00000000        0x8 Device_Startup/startup_same70q21.o
 .group         0x00000000        0x8 Device_Startup/startup_same70q21.o
 .group         0x00000000        0x8 Device_Startup/startup_same70q21.o
 .group         0x00000000        0x8 Device_Startup/startup_same70q21.o
 .group         0x00000000        0x8 Device_Startup/startup_same70q21.o
 .group         0x00000000        0x8 Device_Startup/startup_same70q21.o
 .group         0x00000000        0x8 Device_Startup/startup_same70q21.o
 .group         0x00000000        0x8 Device_Startup/startup_same70q21.o
 .group         0x00000000        0x8 Device_Startup/startup_same70q21.o
 .group         0x00000000        0x8 Device_Startup/startup_same70q21.o
 .group         0x00000000        0x8 Device_Startup/startup_same70q21.o
 .group         0x00000000        0x8 Device_Startup/startup_same70q21.o
 .group         0x00000000        0x8 Device_Startup/startup_same70q21.o
 .group         0x00000000        0x8 Device_Startup/startup_same70q21.o
 .group         0x00000000        0x8 Device_Startup/startup_same70q21.o
 .group         0x00000000        0x8 Device_Startup/startup_same70q21.o
 .group         0x00000000        0x8 Device_Startup/startup_same70q21.o
 .group         0x00000000        0x8 Device_Startup/startup_same70q21.o
 .group         0x00000000        0x8 Device_Startup/startup_same70q21.o
 .group         0x00000000        0x8 Device_Startup/startup_same70q21.o
 .group         0x00000000        0x8 Device_Startup/startup_same70q21.o
 .group         0x00000000        0x8 Device_Startup/startup_same70q21.o
 .group         0x00000000        0x8 Device_Startup/startup_same70q21.o
 .group         0x00000000        0x8 Device_Startup/startup_same70q21.o
 .group         0x00000000        0x8 Device_Startup/startup_same70q21.o
 .group         0x00000000        0x8 Device_Startup/startup_same70q21.o
 .group         0x00000000        0x8 Device_Startup/startup_same70q21.o
 .group         0x00000000        0x8 Device_Startup/startup_same70q21.o
 .group         0x00000000        0x8 Device_Startup/startup_same70q21.o
 .group         0x00000000        0x8 Device_Startup/startup_same70q21.o
 .group         0x00000000        0x8 Device_Startup/startup_same70q21.o
 .group         0x00000000        0x8 Device_Startup/startup_same70q21.o
 .group         0x00000000        0x8 Device_Startup/startup_same70q21.o
 .group         0x00000000        0x8 Device_Startup/startup_same70q21.o
 .group         0x00000000        0x8 Device_Startup/startup_same70q21.o
 .group         0x00000000        0x8 Device_Startup/startup_same70q21.o
 .group         0x00000000        0x8 Device_Startup/startup_same70q21.o
 .group         0x00000000        0x8 Device_Startup/startup_same70q21.o
 .group         0x00000000        0x8 Device_Startup/startup_same70q21.o
 .group         0x00000000        0x8 Device_Startup/startup_same70q21.o
 .group         0x00000000        0x8 Device_Startup/startup_same70q21.o
 .group         0x00000000        0x8 Device_Startup/startup_same70q21.o
 .group         0x00000000        0x8 Device_Startup/startup_same70q21.o
 .group         0x00000000        0x8 Device_Startup/startup_same70q21.o
 .group         0x00000000        0x8 Device_Startup/startup_same70q21.o
 .group         0x00000000        0x8 Device_Startup/startup_same70q21.o
 .group         0x00000000        0x8 Device_Startup/startup_same70q21.o
 .group         0x00000000        0x8 Device_Startup/startup_same70q21.o
 .group         0x00000000        0x8 Device_Startup/startup_same70q21.o
 .group         0x00000000        0x8 Device_Startup/startup_same70q21.o
 .group         0x00000000        0x8 Device_Startup/startup_same70q21.o
 .group         0x00000000        0x8 Device_Startup/startup_same70q21.o
 .group         0x00000000        0x8 Device_Startup/startup_same70q21.o
 .group         0x00000000        0x8 Device_Startup/startup_same70q21.o
 .group         0x00000000        0x8 Device_Startup/startup_same70q21.o
 .group         0x00000000        0x8 Device_Startup/startup_same70q21.o
 .group         0x00000000        0x8 Device_Startup/startup_same70q21.o
 .group         0x00000000        0x8 Device_Startup/startup_same70q21.o
 .group         0x00000000        0x8 Device_Startup/startup_same70q21.o
 .group         0x00000000        0x8 Device_Startup/startup_same70q21.o
 .group         0x00000000        0x8 Device_Startup/startup_same70q21.o
 .group         0x00000000        0x8 Device_Startup/startup_same70q21.o
 .group         0x00000000        0x8 Device_Startup/startup_same70q21.o
 .group         0x00000000        0x8 Device_Startup/startup_same70q21.o
 .group         0x00000000        0x8 Device_Startup/startup_same70q21.o
 .group         0x00000000        0x8 Device_Startup/startup_same70q21.o
 .group         0x00000000        0x8 Device_Startup/startup_same70q21.o
 .group         0x00000000        0x8 Device_Startup/startup_same70q21.o
 .group         0x00000000        0x8 Device_Startup/startup_same70q21.o
 .group         0x00000000        0x8 Device_Startup/startup_same70q21.o
 .group         0x00000000        0x8 Device_Startup/startup_same70q21.o
 .group         0x00000000        0x8 Device_Startup/startup_same70q21.o
 .group         0x00000000        0x8 Device_Startup/startup_same70q21.o
 .group         0x00000000        0x8 Device_Startup/startup_same70q21.o
 .text          0x00000000        0x0 Device_Startup/startup_same70q21.o
 .data          0x00000000        0x0 Device_Startup/startup_same70q21.o
 .bss           0x00000000        0x0 Device_Startup/startup_same70q21.o
 .group         0x00000000        0x8 Device_Startup/system_same70q21.o
 .group         0x00000000        0x8 Device_Startup/system_same70q21.o
 .group         0x00000000        0x8 Device_Startup/system_same70q21.o
 .group         0x00000000        0x8 Device_Startup/system_same70q21.o
 .group         0x00000000        0x8 Device_Startup/system_same70q21.o
 .group         0x00000000        0x8 Device_Startup/system_same70q21.o
 .group         0x00000000        0x8 Device_Startup/system_same70q21.o
 .group         0x00000000        0x8 Device_Startup/system_same70q21.o
 .group         0x00000000        0x8 Device_Startup/system_same70q21.o
 .group         0x00000000        0x8 Device_Startup/system_same70q21.o
 .group         0x00000000        0x8 Device_Startup/system_same70q21.o
 .group         0x00000000        0x8 Device_Startup/system_same70q21.o
 .group         0x00000000        0x8 Device_Startup/system_same70q21.o
 .group         0x00000000        0x8 Device_Startup/system_same70q21.o
 .group         0x00000000        0x8 Device_Startup/system_same70q21.o
 .group         0x00000000        0x8 Device_Startup/system_same70q21.o
 .group         0x00000000        0x8 Device_Startup/system_same70q21.o
 .group         0x00000000        0x8 Device_Startup/system_same70q21.o
 .group         0x00000000        0x8 Device_Startup/system_same70q21.o
 .group         0x00000000        0x8 Device_Startup/system_same70q21.o
 .group         0x00000000        0x8 Device_Startup/system_same70q21.o
 .group         0x00000000        0x8 Device_Startup/system_same70q21.o
 .group         0x00000000        0x8 Device_Startup/system_same70q21.o
 .group         0x00000000        0x8 Device_Startup/system_same70q21.o
 .group         0x00000000        0x8 Device_Startup/system_same70q21.o
 .group         0x00000000        0x8 Device_Startup/system_same70q21.o
 .group         0x00000000        0x8 Device_Startup/system_same70q21.o
 .group         0x00000000        0x8 Device_Startup/system_same70q21.o
 .group         0x00000000        0x8 Device_Startup/system_same70q21.o
 .group         0x00000000        0x8 Device_Startup/system_same70q21.o
 .group         0x00000000        0x8 Device_Startup/system_same70q21.o
 .group         0x00000000        0x8 Device_Startup/system_same70q21.o
 .group         0x00000000        0x8 Device_Startup/system_same70q21.o
 .group         0x00000000        0x8 Device_Startup/system_same70q21.o
 .group         0x00000000        0x8 Device_Startup/system_same70q21.o
 .group         0x00000000        0x8 Device_Startup/system_same70q21.o
 .group         0x00000000        0x8 Device_Startup/system_same70q21.o
 .group         0x00000000        0x8 Device_Startup/system_same70q21.o
 .group         0x00000000        0x8 Device_Startup/system_same70q21.o
 .group         0x00000000        0x8 Device_Startup/system_same70q21.o
 .group         0x00000000        0x8 Device_Startup/system_same70q21.o
 .group         0x00000000        0x8 Device_Startup/system_same70q21.o
 .group         0x00000000        0x8 Device_Startup/system_same70q21.o
 .group         0x00000000        0x8 Device_Startup/system_same70q21.o
 .group         0x00000000        0x8 Device_Startup/system_same70q21.o
 .group         0x00000000        0x8 Device_Startup/system_same70q21.o
 .group         0x00000000        0x8 Device_Startup/system_same70q21.o
 .group         0x00000000        0x8 Device_Startup/system_same70q21.o
 .group         0x00000000        0x8 Device_Startup/system_same70q21.o
 .group         0x00000000        0x8 Device_Startup/system_same70q21.o
 .group         0x00000000        0x8 Device_Startup/system_same70q21.o
 .group         0x00000000        0x8 Device_Startup/system_same70q21.o
 .group         0x00000000        0x8 Device_Startup/system_same70q21.o
 .group         0x00000000        0x8 Device_Startup/system_same70q21.o
 .group         0x00000000        0x8 Device_Startup/system_same70q21.o
 .group         0x00000000        0x8 Device_Startup/system_same70q21.o
 .group         0x00000000        0x8 Device_Startup/system_same70q21.o
 .group         0x00000000        0x8 Device_Startup/system_same70q21.o
 .group         0x00000000        0x8 Device_Startup/system_same70q21.o
 .group         0x00000000        0x8 Device_Startup/system_same70q21.o
 .group         0x00000000        0x8 Device_Startup/system_same70q21.o
 .group         0x00000000        0x8 Device_Startup/system_same70q21.o
 .group         0x00000000        0x8 Device_Startup/system_same70q21.o
 .group         0x00000000        0x8 Device_Startup/system_same70q21.o
 .group         0x00000000        0x8 Device_Startup/system_same70q21.o
 .group         0x00000000        0x8 Device_Startup/system_same70q21.o
 .group         0x00000000        0x8 Device_Startup/system_same70q21.o
 .group         0x00000000        0x8 Device_Startup/system_same70q21.o
 .group         0x00000000        0x8 Device_Startup/system_same70q21.o
 .group         0x00000000        0x8 Device_Startup/system_same70q21.o
 .group         0x00000000        0x8 Device_Startup/system_same70q21.o
 .group         0x00000000        0x8 Device_Startup/system_same70q21.o
 .group         0x00000000        0x8 Device_Startup/system_same70q21.o
 .group         0x00000000        0x8 Device_Startup/system_same70q21.o
 .group         0x00000000        0x8 Device_Startup/system_same70q21.o
 .group         0x00000000        0x8 Device_Startup/system_same70q21.o
 .group         0x00000000        0x8 Device_Startup/system_same70q21.o
 .group         0x00000000        0x8 Device_Startup/system_same70q21.o
 .group         0x00000000        0x8 Device_Startup/system_same70q21.o
 .group         0x00000000        0x8 Device_Startup/system_same70q21.o
 .group         0x00000000        0x8 Device_Startup/system_same70q21.o
 .group         0x00000000        0x8 Device_Startup/system_same70q21.o
 .group         0x00000000        0x8 Device_Startup/system_same70q21.o
 .group         0x00000000        0x8 Device_Startup/system_same70q21.o
 .group         0x00000000        0x8 Device_Startup/system_same70q21.o
 .group         0x00000000        0x8 Device_Startup/system_same70q21.o
 .group         0x00000000        0x8 Device_Startup/system_same70q21.o
 .group         0x00000000        0x8 Device_Startup/system_same70q21.o
 .group         0x00000000        0x8 Device_Startup/system_same70q21.o
 .group         0x00000000        0x8 Device_Startup/system_same70q21.o
 .group         0x00000000        0x8 Device_Startup/system_same70q21.o
 .group         0x00000000        0x8 Device_Startup/system_same70q21.o
 .group         0x00000000        0x8 Device_Startup/system_same70q21.o
 .group         0x00000000        0x8 Device_Startup/system_same70q21.o
 .group         0x00000000        0x8 Device_Startup/system_same70q21.o
 .group         0x00000000        0x8 Device_Startup/system_same70q21.o
 .group         0x00000000        0x8 Device_Startup/system_same70q21.o
 .group         0x00000000        0x8 Device_Startup/system_same70q21.o
 .group         0x00000000        0x8 Device_Startup/system_same70q21.o
 .group         0x00000000        0x8 Device_Startup/system_same70q21.o
 .group         0x00000000        0x8 Device_Startup/system_same70q21.o
 .group         0x00000000        0x8 Device_Startup/system_same70q21.o
 .group         0x00000000        0x8 Device_Startup/system_same70q21.o
 .text          0x00000000        0x0 Device_Startup/system_same70q21.o
 .bss           0x00000000        0x0 Device_Startup/system_same70q21.o
 .text.SystemCoreClockUpdate
                0x00000000       0x10 Device_Startup/system_same70q21.o
 .debug_macro   0x00000000      0x8aa Device_Startup/system_same70q21.o
 .debug_macro   0x00000000       0x22 Device_Startup/system_same70q21.o
 .debug_macro   0x00000000       0x87 Device_Startup/system_same70q21.o
 .debug_macro   0x00000000       0x51 Device_Startup/system_same70q21.o
 .debug_macro   0x00000000       0xef Device_Startup/system_same70q21.o
 .debug_macro   0x00000000       0x6a Device_Startup/system_same70q21.o
 .debug_macro   0x00000000      0x1df Device_Startup/system_same70q21.o
 .debug_macro   0x00000000       0x99 Device_Startup/system_same70q21.o
 .debug_macro   0x00000000       0x28 Device_Startup/system_same70q21.o
 .debug_macro   0x00000000       0xaf Device_Startup/system_same70q21.o
 .debug_macro   0x00000000     0x128e Device_Startup/system_same70q21.o
 .debug_macro   0x00000000      0x3dc Device_Startup/system_same70q21.o
 .debug_macro   0x00000000      0x58c Device_Startup/system_same70q21.o
 .debug_macro   0x00000000     0x1791 Device_Startup/system_same70q21.o
 .debug_macro   0x00000000      0x3b7 Device_Startup/system_same70q21.o
 .debug_macro   0x00000000      0x82b Device_Startup/system_same70q21.o
 .debug_macro   0x00000000      0x310 Device_Startup/system_same70q21.o
 .debug_macro   0x00000000     0x3466 Device_Startup/system_same70q21.o
 .debug_macro   0x00000000       0x40 Device_Startup/system_same70q21.o
 .debug_macro   0x00000000     0x105a Device_Startup/system_same70q21.o
 .debug_macro   0x00000000      0x54f Device_Startup/system_same70q21.o
 .debug_macro   0x00000000      0xb8f Device_Startup/system_same70q21.o
 .debug_macro   0x00000000      0x528 Device_Startup/system_same70q21.o
 .debug_macro   0x00000000     0x3197 Device_Startup/system_same70q21.o
 .debug_macro   0x00000000     0x83fb Device_Startup/system_same70q21.o
 .debug_macro   0x00000000     0x3010 Device_Startup/system_same70q21.o
 .debug_macro   0x00000000     0x2440 Device_Startup/system_same70q21.o
 .debug_macro   0x00000000      0x879 Device_Startup/system_same70q21.o
 .debug_macro   0x00000000      0x17d Device_Startup/system_same70q21.o
 .debug_macro   0x00000000      0x118 Device_Startup/system_same70q21.o
 .debug_macro   0x00000000      0x950 Device_Startup/system_same70q21.o
 .debug_macro   0x00000000      0x121 Device_Startup/system_same70q21.o
 .debug_macro   0x00000000      0x4fc Device_Startup/system_same70q21.o
 .debug_macro   0x00000000      0x3e0 Device_Startup/system_same70q21.o
 .debug_macro   0x00000000      0x698 Device_Startup/system_same70q21.o
 .debug_macro   0x00000000      0xb5f Device_Startup/system_same70q21.o
 .debug_macro   0x00000000      0xefd Device_Startup/system_same70q21.o
 .debug_macro   0x00000000      0xbad Device_Startup/system_same70q21.o
 .debug_macro   0x00000000      0x120 Device_Startup/system_same70q21.o
 .debug_macro   0x00000000      0xbbe Device_Startup/system_same70q21.o
 .debug_macro   0x00000000      0x5bf Device_Startup/system_same70q21.o
 .debug_macro   0x00000000     0x1204 Device_Startup/system_same70q21.o
 .debug_macro   0x00000000     0x34e1 Device_Startup/system_same70q21.o
 .debug_macro   0x00000000       0xb2 Device_Startup/system_same70q21.o
 .debug_macro   0x00000000      0x12d Device_Startup/system_same70q21.o
 .debug_macro   0x00000000     0x2781 Device_Startup/system_same70q21.o
 .debug_macro   0x00000000       0x46 Device_Startup/system_same70q21.o
 .debug_macro   0x00000000      0x145 Device_Startup/system_same70q21.o
 .debug_macro   0x00000000       0xc4 Device_Startup/system_same70q21.o
 .debug_macro   0x00000000       0xc4 Device_Startup/system_same70q21.o
 .debug_macro   0x00000000       0x16 Device_Startup/system_same70q21.o
 .debug_macro   0x00000000       0x76 Device_Startup/system_same70q21.o
 .debug_macro   0x00000000       0x40 Device_Startup/system_same70q21.o
 .debug_macro   0x00000000      0x56d Device_Startup/system_same70q21.o
 .debug_macro   0x00000000       0x40 Device_Startup/system_same70q21.o
 .debug_macro   0x00000000      0x7c7 Device_Startup/system_same70q21.o
 .debug_macro   0x00000000       0x82 Device_Startup/system_same70q21.o
 .debug_macro   0x00000000       0xa6 Device_Startup/system_same70q21.o
 .debug_macro   0x00000000      0x128 Device_Startup/system_same70q21.o
 .debug_macro   0x00000000      0x119 Device_Startup/system_same70q21.o
 .debug_macro   0x00000000      0x119 Device_Startup/system_same70q21.o
 .debug_macro   0x00000000      0x17e Device_Startup/system_same70q21.o
 .debug_macro   0x00000000      0x177 Device_Startup/system_same70q21.o
 .debug_macro   0x00000000      0x177 Device_Startup/system_same70q21.o
 .debug_macro   0x00000000      0x177 Device_Startup/system_same70q21.o
 .debug_macro   0x00000000      0x177 Device_Startup/system_same70q21.o
 .debug_macro   0x00000000      0x11f Device_Startup/system_same70q21.o
 .debug_macro   0x00000000      0x313 Device_Startup/system_same70q21.o
 .debug_macro   0x00000000      0x313 Device_Startup/system_same70q21.o
 .debug_macro   0x00000000       0x7c Device_Startup/system_same70q21.o
 .debug_macro   0x00000000       0x22 Device_Startup/system_same70q21.o
 .debug_macro   0x00000000       0x22 Device_Startup/system_same70q21.o
 .debug_macro   0x00000000       0x5e Device_Startup/system_same70q21.o
 .debug_macro   0x00000000       0x28 Device_Startup/system_same70q21.o
 .debug_macro   0x00000000       0x5e Device_Startup/system_same70q21.o
 .debug_macro   0x00000000       0x8e Device_Startup/system_same70q21.o
 .debug_macro   0x00000000       0x76 Device_Startup/system_same70q21.o
 .debug_macro   0x00000000       0x76 Device_Startup/system_same70q21.o
 .debug_macro   0x00000000       0x88 Device_Startup/system_same70q21.o
 .debug_macro   0x00000000       0x34 Device_Startup/system_same70q21.o
 .debug_macro   0x00000000      0x144 Device_Startup/system_same70q21.o
 .debug_macro   0x00000000      0x144 Device_Startup/system_same70q21.o
 .debug_macro   0x00000000      0x144 Device_Startup/system_same70q21.o
 .debug_macro   0x00000000      0x144 Device_Startup/system_same70q21.o
 .debug_macro   0x00000000       0x34 Device_Startup/system_same70q21.o
 .debug_macro   0x00000000       0x7c Device_Startup/system_same70q21.o
 .debug_macro   0x00000000       0x7c Device_Startup/system_same70q21.o
 .debug_macro   0x00000000       0x7c Device_Startup/system_same70q21.o
 .debug_macro   0x00000000       0x5e Device_Startup/system_same70q21.o
 .debug_macro   0x00000000       0x5e Device_Startup/system_same70q21.o
 .debug_macro   0x00000000       0x5e Device_Startup/system_same70q21.o
 .debug_macro   0x00000000       0x5e Device_Startup/system_same70q21.o
 .debug_macro   0x00000000       0x5e Device_Startup/system_same70q21.o
 .debug_macro   0x00000000       0xd6 Device_Startup/system_same70q21.o
 .debug_macro   0x00000000       0xd6 Device_Startup/system_same70q21.o
 .debug_macro   0x00000000       0xd6 Device_Startup/system_same70q21.o
 .debug_macro   0x00000000      0x718 Device_Startup/system_same70q21.o
 .debug_macro   0x00000000       0x16 Device_Startup/system_same70q21.o
 .debug_macro   0x00000000       0x22 Device_Startup/system_same70q21.o
 .debug_macro   0x00000000      0x9b8 Device_Startup/system_same70q21.o
 .debug_macro   0x00000000      0x559 Device_Startup/system_same70q21.o
 .debug_macro   0x00000000     0x2fcb Device_Startup/system_same70q21.o
 .debug_macro   0x00000000      0x169 Device_Startup/system_same70q21.o
 .group         0x00000000        0x8 main.o
 .group         0x00000000        0x8 main.o
 .group         0x00000000        0x8 main.o
 .group         0x00000000        0x8 main.o
 .group         0x00000000        0x8 main.o
 .group         0x00000000        0x8 main.o
 .group         0x00000000        0x8 main.o
 .group         0x00000000        0x8 main.o
 .group         0x00000000        0x8 main.o
 .group         0x00000000        0x8 main.o
 .group         0x00000000        0x8 main.o
 .group         0x00000000        0x8 main.o
 .group         0x00000000        0x8 main.o
 .group         0x00000000        0x8 main.o
 .group         0x00000000        0x8 main.o
 .group         0x00000000        0x8 main.o
 .group         0x00000000        0x8 main.o
 .group         0x00000000        0x8 main.o
 .group         0x00000000        0x8 main.o
 .group         0x00000000        0x8 main.o
 .group         0x00000000        0x8 main.o
 .group         0x00000000        0x8 main.o
 .group         0x00000000        0x8 main.o
 .group         0x00000000        0x8 main.o
 .group         0x00000000        0x8 main.o
 .group         0x00000000        0x8 main.o
 .group         0x00000000        0x8 main.o
 .group         0x00000000        0x8 main.o
 .group         0x00000000        0x8 main.o
 .group         0x00000000        0x8 main.o
 .group         0x00000000        0x8 main.o
 .group         0x00000000        0x8 main.o
 .group         0x00000000        0x8 main.o
 .group         0x00000000        0x8 main.o
 .group         0x00000000        0x8 main.o
 .group         0x00000000        0x8 main.o
 .group         0x00000000        0x8 main.o
 .group         0x00000000        0x8 main.o
 .group         0x00000000        0x8 main.o
 .group         0x00000000        0x8 main.o
 .group         0x00000000        0x8 main.o
 .group         0x00000000        0x8 main.o
 .group         0x00000000        0x8 main.o
 .group         0x00000000        0x8 main.o
 .group         0x00000000        0x8 main.o
 .group         0x00000000        0x8 main.o
 .group         0x00000000        0x8 main.o
 .group         0x00000000        0x8 main.o
 .group         0x00000000        0x8 main.o
 .group         0x00000000        0x8 main.o
 .group         0x00000000        0x8 main.o
 .group         0x00000000        0x8 main.o
 .group         0x00000000        0x8 main.o
 .group         0x00000000        0x8 main.o
 .group         0x00000000        0x8 main.o
 .group         0x00000000        0x8 main.o
 .group         0x00000000        0x8 main.o
 .group         0x00000000        0x8 main.o
 .group         0x00000000        0x8 main.o
 .group         0x00000000        0x8 main.o
 .group         0x00000000        0x8 main.o
 .group         0x00000000        0x8 main.o
 .group         0x00000000        0x8 main.o
 .group         0x00000000        0x8 main.o
 .group         0x00000000        0x8 main.o
 .group         0x00000000        0x8 main.o
 .group         0x00000000        0x8 main.o
 .group         0x00000000        0x8 main.o
 .group         0x00000000        0x8 main.o
 .group         0x00000000        0x8 main.o
 .group         0x00000000        0x8 main.o
 .group         0x00000000        0x8 main.o
 .group         0x00000000        0x8 main.o
 .group         0x00000000        0x8 main.o
 .group         0x00000000        0x8 main.o
 .group         0x00000000        0x8 main.o
 .group         0x00000000        0x8 main.o
 .group         0x00000000        0x8 main.o
 .group         0x00000000        0x8 main.o
 .group         0x00000000        0x8 main.o
 .group         0x00000000        0x8 main.o
 .group         0x00000000        0x8 main.o
 .group         0x00000000        0x8 main.o
 .group         0x00000000        0x8 main.o
 .group         0x00000000        0x8 main.o
 .group         0x00000000        0x8 main.o
 .group         0x00000000        0x8 main.o
 .group         0x00000000        0x8 main.o
 .group         0x00000000        0x8 main.o
 .group         0x00000000        0x8 main.o
 .group         0x00000000        0x8 main.o
 .group         0x00000000        0x8 main.o
 .group         0x00000000        0x8 main.o
 .group         0x00000000        0x8 main.o
 .group         0x00000000        0x8 main.o
 .group         0x00000000        0x8 main.o
 .group         0x00000000        0x8 main.o
 .group         0x00000000        0x8 main.o
 .group         0x00000000        0x8 main.o
 .group         0x00000000        0x8 main.o
 .group         0x00000000        0x8 main.o
 .group         0x00000000        0x8 main.o
 .group         0x00000000        0x8 main.o
 .group         0x00000000        0x8 main.o
 .text          0x00000000        0x0 main.o
 .data          0x00000000        0x0 main.o
 .bss           0x00000000        0x0 main.o
 .debug_macro   0x00000000       0x22 main.o
 .debug_macro   0x00000000       0x51 main.o
 .debug_macro   0x00000000       0xef main.o
 .debug_macro   0x00000000       0x6a main.o
 .debug_macro   0x00000000      0x1df main.o
 .debug_macro   0x00000000       0x99 main.o
 .debug_macro   0x00000000       0x28 main.o
 .debug_macro   0x00000000       0xaf main.o
 .debug_macro   0x00000000      0x3dc main.o
 .debug_macro   0x00000000      0x58c main.o
 .debug_macro   0x00000000     0x1791 main.o
 .debug_macro   0x00000000      0x3b7 main.o
 .debug_macro   0x00000000      0x82b main.o
 .debug_macro   0x00000000      0x310 main.o
 .debug_macro   0x00000000     0x3466 main.o
 .debug_macro   0x00000000       0x40 main.o
 .debug_macro   0x00000000     0x105a main.o
 .debug_macro   0x00000000      0x54f main.o
 .debug_macro   0x00000000      0xb8f main.o
 .debug_macro   0x00000000      0x528 main.o
 .debug_macro   0x00000000     0x3197 main.o
 .debug_macro   0x00000000     0x83fb main.o
 .debug_macro   0x00000000     0x3010 main.o
 .debug_macro   0x00000000     0x2440 main.o
 .debug_macro   0x00000000      0x879 main.o
 .debug_macro   0x00000000      0x17d main.o
 .debug_macro   0x00000000      0x118 main.o
 .debug_macro   0x00000000      0x950 main.o
 .debug_macro   0x00000000      0x121 main.o
 .debug_macro   0x00000000      0x4fc main.o
 .debug_macro   0x00000000      0x3e0 main.o
 .debug_macro   0x00000000      0x698 main.o
 .debug_macro   0x00000000      0xb5f main.o
 .debug_macro   0x00000000      0xefd main.o
 .debug_macro   0x00000000      0xbad main.o
 .debug_macro   0x00000000      0x120 main.o
 .debug_macro   0x00000000      0xbbe main.o
 .debug_macro   0x00000000      0x5bf main.o
 .debug_macro   0x00000000     0x1204 main.o
 .debug_macro   0x00000000     0x34e1 main.o
 .debug_macro   0x00000000       0xb2 main.o
 .debug_macro   0x00000000      0x12d main.o
 .debug_macro   0x00000000     0x2781 main.o
 .debug_macro   0x00000000       0x46 main.o
 .debug_macro   0x00000000      0x145 main.o
 .debug_macro   0x00000000       0xc4 main.o
 .debug_macro   0x00000000       0xc4 main.o
 .debug_macro   0x00000000       0x16 main.o
 .debug_macro   0x00000000       0x76 main.o
 .debug_macro   0x00000000       0x40 main.o
 .debug_macro   0x00000000      0x56d main.o
 .debug_macro   0x00000000       0x40 main.o
 .debug_macro   0x00000000      0x7c7 main.o
 .debug_macro   0x00000000       0x82 main.o
 .debug_macro   0x00000000       0xa6 main.o
 .debug_macro   0x00000000      0x128 main.o
 .debug_macro   0x00000000      0x119 main.o
 .debug_macro   0x00000000      0x119 main.o
 .debug_macro   0x00000000      0x17e main.o
 .debug_macro   0x00000000      0x177 main.o
 .debug_macro   0x00000000      0x177 main.o
 .debug_macro   0x00000000      0x177 main.o
 .debug_macro   0x00000000      0x177 main.o
 .debug_macro   0x00000000      0x11f main.o
 .debug_macro   0x00000000      0x313 main.o
 .debug_macro   0x00000000      0x313 main.o
 .debug_macro   0x00000000       0x7c main.o
 .debug_macro   0x00000000       0x22 main.o
 .debug_macro   0x00000000       0x22 main.o
 .debug_macro   0x00000000       0x5e main.o
 .debug_macro   0x00000000       0x28 main.o
 .debug_macro   0x00000000       0x5e main.o
 .debug_macro   0x00000000       0x8e main.o
 .debug_macro   0x00000000       0x76 main.o
 .debug_macro   0x00000000       0x76 main.o
 .debug_macro   0x00000000       0x88 main.o
 .debug_macro   0x00000000       0x34 main.o
 .debug_macro   0x00000000      0x144 main.o
 .debug_macro   0x00000000      0x144 main.o
 .debug_macro   0x00000000      0x144 main.o
 .debug_macro   0x00000000      0x144 main.o
 .debug_macro   0x00000000       0x34 main.o
 .debug_macro   0x00000000       0x7c main.o
 .debug_macro   0x00000000       0x7c main.o
 .debug_macro   0x00000000       0x7c main.o
 .debug_macro   0x00000000       0x5e main.o
 .debug_macro   0x00000000       0x5e main.o
 .debug_macro   0x00000000       0x5e main.o
 .debug_macro   0x00000000       0x5e main.o
 .debug_macro   0x00000000       0x5e main.o
 .debug_macro   0x00000000       0xd6 main.o
 .debug_macro   0x00000000       0xd6 main.o
 .debug_macro   0x00000000       0xd6 main.o
 .debug_macro   0x00000000      0x718 main.o
 .debug_macro   0x00000000       0x16 main.o
 .debug_macro   0x00000000       0x22 main.o
 .debug_macro   0x00000000      0x9b8 main.o
 .debug_macro   0x00000000      0x559 main.o
 .debug_macro   0x00000000     0x2fcb main.o
 .debug_macro   0x00000000      0x169 main.o
 .text          0x00000000        0x0 c:/program files (x86)/atmel/studio/7.0/toolchain/arm/arm-gnu-toolchain/bin/../lib/gcc/arm-none-eabi/6.2.1/../../../../arm-none-eabi/lib/thumb/v7e-m\libc.a(lib_a-exit.o)
 .data          0x00000000        0x0 c:/program files (x86)/atmel/studio/7.0/toolchain/arm/arm-gnu-toolchain/bin/../lib/gcc/arm-none-eabi/6.2.1/../../../../arm-none-eabi/lib/thumb/v7e-m\libc.a(lib_a-exit.o)
 .bss           0x00000000        0x0 c:/program files (x86)/atmel/studio/7.0/toolchain/arm/arm-gnu-toolchain/bin/../lib/gcc/arm-none-eabi/6.2.1/../../../../arm-none-eabi/lib/thumb/v7e-m\libc.a(lib_a-exit.o)
 .text.exit     0x00000000       0x20 c:/program files (x86)/atmel/studio/7.0/toolchain/arm/arm-gnu-toolchain/bin/../lib/gcc/arm-none-eabi/6.2.1/../../../../arm-none-eabi/lib/thumb/v7e-m\libc.a(lib_a-exit.o)
 .debug_frame   0x00000000       0x28 c:/program files (x86)/atmel/studio/7.0/toolchain/arm/arm-gnu-toolchain/bin/../lib/gcc/arm-none-eabi/6.2.1/../../../../arm-none-eabi/lib/thumb/v7e-m\libc.a(lib_a-exit.o)
 .ARM.attributes
                0x00000000       0x2e c:/program files (x86)/atmel/studio/7.0/toolchain/arm/arm-gnu-toolchain/bin/../lib/gcc/arm-none-eabi/6.2.1/../../../../arm-none-eabi/lib/thumb/v7e-m\libc.a(lib_a-exit.o)
 .text          0x00000000        0x0 c:/program files (x86)/atmel/studio/7.0/toolchain/arm/arm-gnu-toolchain/bin/../lib/gcc/arm-none-eabi/6.2.1/../../../../arm-none-eabi/lib/thumb/v7e-m\libc.a(lib_a-impure.o)
 .data          0x00000000        0x0 c:/program files (x86)/atmel/studio/7.0/toolchain/arm/arm-gnu-toolchain/bin/../lib/gcc/arm-none-eabi/6.2.1/../../../../arm-none-eabi/lib/thumb/v7e-m\libc.a(lib_a-impure.o)
 .bss           0x00000000        0x0 c:/program files (x86)/atmel/studio/7.0/toolchain/arm/arm-gnu-toolchain/bin/../lib/gcc/arm-none-eabi/6.2.1/../../../../arm-none-eabi/lib/thumb/v7e-m\libc.a(lib_a-impure.o)
 .data._impure_ptr
                0x00000000        0x4 c:/program files (x86)/atmel/studio/7.0/toolchain/arm/arm-gnu-toolchain/bin/../lib/gcc/arm-none-eabi/6.2.1/../../../../arm-none-eabi/lib/thumb/v7e-m\libc.a(lib_a-impure.o)
 .text          0x00000000        0x0 c:/program files (x86)/atmel/studio/7.0/toolchain/arm/arm-gnu-toolchain/bin/../lib/gcc/arm-none-eabi/6.2.1/../../../../arm-none-eabi/lib/thumb/v7e-m\libc.a(lib_a-init.o)
 .data          0x00000000        0x0 c:/program files (x86)/atmel/studio/7.0/toolchain/arm/arm-gnu-toolchain/bin/../lib/gcc/arm-none-eabi/6.2.1/../../../../arm-none-eabi/lib/thumb/v7e-m\libc.a(lib_a-init.o)
 .bss           0x00000000        0x0 c:/program files (x86)/atmel/studio/7.0/toolchain/arm/arm-gnu-toolchain/bin/../lib/gcc/arm-none-eabi/6.2.1/../../../../arm-none-eabi/lib/thumb/v7e-m\libc.a(lib_a-init.o)
 .text          0x00000000        0x0 c:/program files (x86)/atmel/studio/7.0/toolchain/arm/arm-gnu-toolchain/bin/../lib/gcc/arm-none-eabi/6.2.1/../../../../arm-none-eabi/lib/thumb/v7e-m\libc.a(lib_a-memset.o)
 .data          0x00000000        0x0 c:/program files (x86)/atmel/studio/7.0/toolchain/arm/arm-gnu-toolchain/bin/../lib/gcc/arm-none-eabi/6.2.1/../../../../arm-none-eabi/lib/thumb/v7e-m\libc.a(lib_a-memset.o)
 .bss           0x00000000        0x0 c:/program files (x86)/atmel/studio/7.0/toolchain/arm/arm-gnu-toolchain/bin/../lib/gcc/arm-none-eabi/6.2.1/../../../../arm-none-eabi/lib/thumb/v7e-m\libc.a(lib_a-memset.o)
 .text.memset   0x00000000       0x9c c:/program files (x86)/atmel/studio/7.0/toolchain/arm/arm-gnu-toolchain/bin/../lib/gcc/arm-none-eabi/6.2.1/../../../../arm-none-eabi/lib/thumb/v7e-m\libc.a(lib_a-memset.o)
 .debug_frame   0x00000000       0x34 c:/program files (x86)/atmel/studio/7.0/toolchain/arm/arm-gnu-toolchain/bin/../lib/gcc/arm-none-eabi/6.2.1/../../../../arm-none-eabi/lib/thumb/v7e-m\libc.a(lib_a-memset.o)
 .ARM.attributes
                0x00000000       0x2e c:/program files (x86)/atmel/studio/7.0/toolchain/arm/arm-gnu-toolchain/bin/../lib/gcc/arm-none-eabi/6.2.1/../../../../arm-none-eabi/lib/thumb/v7e-m\libc.a(lib_a-memset.o)
 .text          0x00000000        0x0 c:/program files (x86)/atmel/studio/7.0/toolchain/arm/arm-gnu-toolchain/bin/../lib/gcc/arm-none-eabi/6.2.1/../../../../arm-none-eabi/lib/thumb/v7e-m\libc.a(lib_a-__call_atexit.o)
 .data          0x00000000        0x0 c:/program files (x86)/atmel/studio/7.0/toolchain/arm/arm-gnu-toolchain/bin/../lib/gcc/arm-none-eabi/6.2.1/../../../../arm-none-eabi/lib/thumb/v7e-m\libc.a(lib_a-__call_atexit.o)
 .bss           0x00000000        0x0 c:/program files (x86)/atmel/studio/7.0/toolchain/arm/arm-gnu-toolchain/bin/../lib/gcc/arm-none-eabi/6.2.1/../../../../arm-none-eabi/lib/thumb/v7e-m\libc.a(lib_a-__call_atexit.o)
 .text.__call_exitprocs
                0x00000000       0xd4 c:/program files (x86)/atmel/studio/7.0/toolchain/arm/arm-gnu-toolchain/bin/../lib/gcc/arm-none-eabi/6.2.1/../../../../arm-none-eabi/lib/thumb/v7e-m\libc.a(lib_a-__call_atexit.o)
 .text          0x00000000        0x0 c:/program files (x86)/atmel/studio/7.0/toolchain/arm/arm-gnu-toolchain/bin/../lib/gcc/arm-none-eabi/6.2.1/../../../../arm-none-eabi/lib/thumb/v7e-m\libc.a(lib_a-atexit.o)
 .data          0x00000000        0x0 c:/program files (x86)/atmel/studio/7.0/toolchain/arm/arm-gnu-toolchain/bin/../lib/gcc/arm-none-eabi/6.2.1/../../../../arm-none-eabi/lib/thumb/v7e-m\libc.a(lib_a-atexit.o)
 .bss           0x00000000        0x0 c:/program files (x86)/atmel/studio/7.0/toolchain/arm/arm-gnu-toolchain/bin/../lib/gcc/arm-none-eabi/6.2.1/../../../../arm-none-eabi/lib/thumb/v7e-m\libc.a(lib_a-atexit.o)
 .text          0x00000000        0x0 c:/program files (x86)/atmel/studio/7.0/toolchain/arm/arm-gnu-toolchain/bin/../lib/gcc/arm-none-eabi/6.2.1/../../../../arm-none-eabi/lib/thumb/v7e-m\libc.a(lib_a-fini.o)
 .data          0x00000000        0x0 c:/program files (x86)/atmel/studio/7.0/toolchain/arm/arm-gnu-toolchain/bin/../lib/gcc/arm-none-eabi/6.2.1/../../../../arm-none-eabi/lib/thumb/v7e-m\libc.a(lib_a-fini.o)
 .bss           0x00000000        0x0 c:/program files (x86)/atmel/studio/7.0/toolchain/arm/arm-gnu-toolchain/bin/../lib/gcc/arm-none-eabi/6.2.1/../../../../arm-none-eabi/lib/thumb/v7e-m\libc.a(lib_a-fini.o)
 .text          0x00000000        0x0 c:/program files (x86)/atmel/studio/7.0/toolchain/arm/arm-gnu-toolchain/bin/../lib/gcc/arm-none-eabi/6.2.1/../../../../arm-none-eabi/lib/thumb/v7e-m\libc.a(lib_a-__atexit.o)
 .data          0x00000000        0x0 c:/program files (x86)/atmel/studio/7.0/toolchain/arm/arm-gnu-toolchain/bin/../lib/gcc/arm-none-eabi/6.2.1/../../../../arm-none-eabi/lib/thumb/v7e-m\libc.a(lib_a-__atexit.o)
 .bss           0x00000000        0x0 c:/program files (x86)/atmel/studio/7.0/toolchain/arm/arm-gnu-toolchain/bin/../lib/gcc/arm-none-eabi/6.2.1/../../../../arm-none-eabi/lib/thumb/v7e-m\libc.a(lib_a-__atexit.o)
 .text          0x00000000        0x0 c:/program files (x86)/atmel/studio/7.0/toolchain/arm/arm-gnu-toolchain/bin/../lib/gcc/arm-none-eabi/6.2.1/thumb/v7e-m/crtend.o
 .data          0x00000000        0x0 c:/program files (x86)/atmel/studio/7.0/toolchain/arm/arm-gnu-toolchain/bin/../lib/gcc/arm-none-eabi/6.2.1/thumb/v7e-m/crtend.o
 .bss           0x00000000        0x0 c:/program files (x86)/atmel/studio/7.0/toolchain/arm/arm-gnu-toolchain/bin/../lib/gcc/arm-none-eabi/6.2.1/thumb/v7e-m/crtend.o
 .eh_frame      0x00000000        0x4 c:/program files (x86)/atmel/studio/7.0/toolchain/arm/arm-gnu-toolchain/bin/../lib/gcc/arm-none-eabi/6.2.1/thumb/v7e-m/crtend.o
 .jcr           0x00000000        0x4 c:/program files (x86)/atmel/studio/7.0/toolchain/arm/arm-gnu-toolchain/bin/../lib/gcc/arm-none-eabi/6.2.1/thumb/v7e-m/crtend.o
 .ARM.attributes
                0x00000000       0x2e c:/program files (x86)/atmel/studio/7.0/toolchain/arm/arm-gnu-toolchain/bin/../lib/gcc/arm-none-eabi/6.2.1/thumb/v7e-m/crtend.o
 .text          0x00000000        0x0 c:/program files (x86)/atmel/studio/7.0/toolchain/arm/arm-gnu-toolchain/bin/../lib/gcc/arm-none-eabi/6.2.1/thumb/v7e-m/crtn.o
 .data          0x00000000        0x0 c:/program files (x86)/atmel/studio/7.0/toolchain/arm/arm-gnu-toolchain/bin/../lib/gcc/arm-none-eabi/6.2.1/thumb/v7e-m/crtn.o
 .bss           0x00000000        0x0 c:/program files (x86)/atmel/studio/7.0/toolchain/arm/arm-gnu-toolchain/bin/../lib/gcc/arm-none-eabi/6.2.1/thumb/v7e-m/crtn.o

Memory Configuration

Name             Origin             Length             Attributes
rom              0x00400000         0x00200000         xr
ram              0x20400000         0x00060000         xrw
*default*        0x00000000         0xffffffff

Linker script and memory map

LOAD c:/program files (x86)/atmel/studio/7.0/toolchain/arm/arm-gnu-toolchain/bin/../lib/gcc/arm-none-eabi/6.2.1/thumb/v7e-m/crti.o
LOAD c:/program files (x86)/atmel/studio/7.0/toolchain/arm/arm-gnu-toolchain/bin/../lib/gcc/arm-none-eabi/6.2.1/thumb/v7e-m/crtbegin.o
LOAD c:/program files (x86)/atmel/studio/7.0/toolchain/arm/arm-gnu-toolchain/bin/../lib/gcc/arm-none-eabi/6.2.1/../../../../arm-none-eabi/lib/thumb/v7e-m/crt0.o
LOAD Device_Startup/startup_same70q21.o
LOAD Device_Startup/system_same70q21.o
LOAD main.o
START GROUP
END GROUP
LOAD c:/program files (x86)/atmel/studio/7.0/toolchain/arm/arm-gnu-toolchain/bin/../lib/gcc/arm-none-eabi/6.2.1/../../../../arm-none-eabi/lib/thumb/v7e-m\libstdc++.a
LOAD c:/program files (x86)/atmel/studio/7.0/toolchain/arm/arm-gnu-toolchain/bin/../lib/gcc/arm-none-eabi/6.2.1/../../../../arm-none-eabi/lib/thumb/v7e-m\libm.a
START GROUP
LOAD c:/program files (x86)/atmel/studio/7.0/toolchain/arm/arm-gnu-toolchain/bin/../lib/gcc/arm-none-eabi/6.2.1/thumb/v7e-m\libgcc.a
LOAD c:/program files (x86)/atmel/studio/7.0/toolchain/arm/arm-gnu-toolchain/bin/../lib/gcc/arm-none-eabi/6.2.1/../../../../arm-none-eabi/lib/thumb/v7e-m\libc.a
END GROUP
LOAD c:/program files (x86)/atmel/studio/7.0/toolchain/arm/arm-gnu-toolchain/bin/../lib/gcc/arm-none-eabi/6.2.1/thumb/v7e-m/crtend.o
LOAD c:/program files (x86)/atmel/studio/7.0/toolchain/arm/arm-gnu-toolchain/bin/../lib/gcc/arm-none-eabi/6.2.1/thumb/v7e-m/crtn.o
                0x00000400                STACK_SIZE = DEFINED (STACK_SIZE)?STACK_SIZE:DEFINED (__stack_size__)?__stack_size__:0x400
                0x00000200                HEAP_SIZE = DEFINED (HEAP_SIZE)?HEAP_SIZE:DEFINED (__heap_size__)?__heap_size__:0x200

.text           0x00400000      0x430
                0x00400000                . = ALIGN (0x4)
                0x00400000                _sfixed = .
 *(.vectors .vectors.*)
 .vectors       0x00400000      0x154 Device_Startup/startup_same70q21.o
                0x00400000                exception_table
 *(.text .text.* .gnu.linkonce.t.*)
 .text          0x00400154       0x6c c:/program files (x86)/atmel/studio/7.0/toolchain/arm/arm-gnu-toolchain/bin/../lib/gcc/arm-none-eabi/6.2.1/thumb/v7e-m/crtbegin.o
 .text.Dummy_Handler
                0x004001c0        0x2 Device_Startup/startup_same70q21.o
                0x004001c0                DACC_Handler
                0x004001c0                SVCall_Handler
                0x004001c0                UART3_Handler
                0x004001c0                UART2_Handler
                0x004001c0                TRNG_Handler
                0x004001c0                HardFault_Handler
                0x004001c0                TC2_Handler
                0x004001c0                SysTick_Handler
                0x004001c0                AFEC1_Handler
                0x004001c0                PendSV_Handler
                0x004001c0                TC7_Handler
                0x004001c0                QSPI_Handler
                0x004001c0                NonMaskableInt_Handler
                0x004001c0                ISI_Handler
                0x004001c0                MCAN0_INT0_Handler
                0x004001c0                TC9_Handler
                0x004001c0                RSWDT_Handler
                0x004001c0                USART0_Handler
                0x004001c0                RTT_Handler
                0x004001c0                USBHS_Handler
                0x004001c0                IXC_Handler
                0x004001c0                CCF_Handler
                0x004001c0                PIOB_Handler
                0x004001c0                RTC_Handler
                0x004001c0                UsageFault_Handler
                0x004001c0                TC6_Handler
                0x004001c0                WDT_Handler
                0x004001c0                MCAN1_INT1_Handler
                0x004001c0                TC4_Handler
                0x004001c0                TC1_Handler
                0x004001c0                HSMCI_Handler
                0x004001c0                UART1_Handler
                0x004001c0                TC3_Handler
                0x004001c0                Dummy_Handler
                0x004001c0                TWIHS1_Handler
                0x004001c0                XDMAC_Handler
                0x004001c0                UART4_Handler
                0x004001c0                PWM1_Handler
                0x004001c0                USART1_Handler
                0x004001c0                PWM0_Handler
                0x004001c0                PIOA_Handler
                0x004001c0                AFEC0_Handler
                0x004001c0                CCW_Handler
                0x004001c0                SSC_Handler
                0x004001c0                TC11_Handler
                0x004001c0                ACC_Handler
                0x004001c0                PMC_Handler
                0x004001c0                GMAC_Handler
                0x004001c0                MCAN0_INT1_Handler
                0x004001c0                SUPC_Handler
                0x004001c0                TC8_Handler
                0x004001c0                MCAN1_INT0_Handler
                0x004001c0                EFC_Handler
                0x004001c0                GMAC_Q1_Handler
                0x004001c0                USART2_Handler
                0x004001c0                SDRAMC_Handler
                0x004001c0                GMAC_Q2_Handler
                0x004001c0                PIOE_Handler
                0x004001c0                SPI1_Handler
                0x004001c0                TC10_Handler
                0x004001c0                PIOD_Handler
                0x004001c0                TWIHS2_Handler
                0x004001c0                UART0_Handler
                0x004001c0                PIOC_Handler
                0x004001c0                FPU_Handler
                0x004001c0                BusFault_Handler
                0x004001c0                RSTC_Handler
                0x004001c0                TC0_Handler
                0x004001c0                MemoryManagement_Handler
                0x004001c0                DebugMonitor_Handler
                0x004001c0                TC5_Handler
                0x004001c0                ICM_Handler
                0x004001c0                AES_Handler
                0x004001c0                TWIHS0_Handler
                0x004001c0                SPI0_Handler
 *fill*         0x004001c2        0x2 
 .text.Reset_Handler
                0x004001c4       0x84 Device_Startup/startup_same70q21.o
                0x004001c4                Reset_Handler
 .text.SystemInit
                0x00400248       0x10 Device_Startup/system_same70q21.o
                0x00400248                SystemInit
 .text.main     0x00400258       0x68 main.o
                0x00400258                main
 .text.__libc_init_array
                0x004002c0       0x50 c:/program files (x86)/atmel/studio/7.0/toolchain/arm/arm-gnu-toolchain/bin/../lib/gcc/arm-none-eabi/6.2.1/../../../../arm-none-eabi/lib/thumb/v7e-m\libc.a(lib_a-init.o)
                0x004002c0                __libc_init_array
 .text.startup.register_fini
                0x00400310       0x14 c:/program files (x86)/atmel/studio/7.0/toolchain/arm/arm-gnu-toolchain/bin/../lib/gcc/arm-none-eabi/6.2.1/../../../../arm-none-eabi/lib/thumb/v7e-m\libc.a(lib_a-__call_atexit.o)
 .text.atexit   0x00400324        0xc c:/program files (x86)/atmel/studio/7.0/toolchain/arm/arm-gnu-toolchain/bin/../lib/gcc/arm-none-eabi/6.2.1/../../../../arm-none-eabi/lib/thumb/v7e-m\libc.a(lib_a-atexit.o)
                0x00400324                atexit
 .text.__libc_fini_array
                0x00400330       0x34 c:/program files (x86)/atmel/studio/7.0/toolchain/arm/arm-gnu-toolchain/bin/../lib/gcc/arm-none-eabi/6.2.1/../../../../arm-none-eabi/lib/thumb/v7e-m\libc.a(lib_a-fini.o)
                0x00400330                __libc_fini_array
 .text.__register_exitproc
                0x00400364       0xa4 c:/program files (x86)/atmel/studio/7.0/toolchain/arm/arm-gnu-toolchain/bin/../lib/gcc/arm-none-eabi/6.2.1/../../../../arm-none-eabi/lib/thumb/v7e-m\libc.a(lib_a-__atexit.o)
                0x00400364                __register_exitproc
 *(.glue_7t)
 .glue_7t       0x00400408        0x0 linker stubs
 *(.glue_7)
 .glue_7        0x00400408        0x0 linker stubs
 *(.rodata .rodata* .gnu.linkonce.r.*)
 .rodata._global_impure_ptr
                0x00400408        0x4 c:/program files (x86)/atmel/studio/7.0/toolchain/arm/arm-gnu-toolchain/bin/../lib/gcc/arm-none-eabi/6.2.1/../../../../arm-none-eabi/lib/thumb/v7e-m\libc.a(lib_a-impure.o)
                0x00400408                _global_impure_ptr
 *(.ARM.extab* .gnu.linkonce.armextab.*)
                0x0040040c                . = ALIGN (0x4)
 *(.init)
 .init          0x0040040c        0x4 c:/program files (x86)/atmel/studio/7.0/toolchain/arm/arm-gnu-toolchain/bin/../lib/gcc/arm-none-eabi/6.2.1/thumb/v7e-m/crti.o
                0x0040040c                _init
 .init          0x00400410        0x8 c:/program files (x86)/atmel/studio/7.0/toolchain/arm/arm-gnu-toolchain/bin/../lib/gcc/arm-none-eabi/6.2.1/thumb/v7e-m/crtn.o
                0x00400418                . = ALIGN (0x4)
                0x00400418                __preinit_array_start = .
 *(.preinit_array)
                0x00400418                __preinit_array_end = .
                0x00400418                . = ALIGN (0x4)
                0x00400418                __init_array_start = .
 *(SORT(.init_array.*))
 .init_array.00000
                0x00400418        0x4 c:/program files (x86)/atmel/studio/7.0/toolchain/arm/arm-gnu-toolchain/bin/../lib/gcc/arm-none-eabi/6.2.1/../../../../arm-none-eabi/lib/thumb/v7e-m\libc.a(lib_a-__call_atexit.o)
 *(.init_array)
 .init_array    0x0040041c        0x4 c:/program files (x86)/atmel/studio/7.0/toolchain/arm/arm-gnu-toolchain/bin/../lib/gcc/arm-none-eabi/6.2.1/thumb/v7e-m/crtbegin.o
                0x00400420                __init_array_end = .
                0x00400420                . = ALIGN (0x4)
 *crtbegin.o(.ctors)
 *(EXCLUDE_FILE(*crtend.o) .ctors)
 *(SORT(.ctors.*))
 *crtend.o(.ctors)
                0x00400420                . = ALIGN (0x4)
 *(.fini)
 .fini          0x00400420        0x4 c:/program files (x86)/atmel/studio/7.0/toolchain/arm/arm-gnu-toolchain/bin/../lib/gcc/arm-none-eabi/6.2.1/thumb/v7e-m/crti.o
                0x00400420                _fini
 .fini          0x00400424        0x8 c:/program files (x86)/atmel/studio/7.0/toolchain/arm/arm-gnu-toolchain/bin/../lib/gcc/arm-none-eabi/6.2.1/thumb/v7e-m/crtn.o
                0x0040042c                . = ALIGN (0x4)
                0x0040042c                __fini_array_start = .
 *(.fini_array)
 .fini_array    0x0040042c        0x4 c:/program files (x86)/atmel/studio/7.0/toolchain/arm/arm-gnu-toolchain/bin/../lib/gcc/arm-none-eabi/6.2.1/thumb/v7e-m/crtbegin.o
 *(SORT(.fini_array.*))
                0x00400430                __fini_array_end = .
 *crtbegin.o(.dtors)
 *(EXCLUDE_FILE(*crtend.o) .dtors)
 *(SORT(.dtors.*))
 *crtend.o(.dtors)
                0x00400430                . = ALIGN (0x4)
                0x00400430                _efixed = .
                [!provide]                PROVIDE (__exidx_start, .)

.vfp11_veneer   0x00400430        0x0
 .vfp11_veneer  0x00400430        0x0 linker stubs

.v4_bx          0x00400430        0x0
 .v4_bx         0x00400430        0x0 linker stubs

.iplt           0x00400430        0x0
 .iplt          0x00400430        0x0 c:/program files (x86)/atmel/studio/7.0/toolchain/arm/arm-gnu-toolchain/bin/../lib/gcc/arm-none-eabi/6.2.1/thumb/v7e-m/crtbegin.o

.eh_frame       0x00400430        0x0
 .eh_frame      0x00400430        0x0 c:/program files (x86)/atmel/studio/7.0/toolchain/arm/arm-gnu-toolchain/bin/../lib/gcc/arm-none-eabi/6.2.1/thumb/v7e-m/crtbegin.o

.rel.dyn        0x00400430        0x0
 .rel.iplt      0x00400430        0x0 c:/program files (x86)/atmel/studio/7.0/toolchain/arm/arm-gnu-toolchain/bin/../lib/gcc/arm-none-eabi/6.2.1/thumb/v7e-m/crtbegin.o

.jcr            0x00400430        0x0
 .jcr           0x00400430        0x0 c:/program files (x86)/atmel/studio/7.0/toolchain/arm/arm-gnu-toolchain/bin/../lib/gcc/arm-none-eabi/6.2.1/thumb/v7e-m/crtbegin.o

.igot.plt       0x00400430        0x0
 .igot.plt      0x00400430        0x0 c:/program files (x86)/atmel/studio/7.0/toolchain/arm/arm-gnu-toolchain/bin/../lib/gcc/arm-none-eabi/6.2.1/thumb/v7e-m/crtbegin.o

.ARM.exidx
 *(.ARM.exidx* .gnu.linkonce.armexidx.*)
                [!provide]                PROVIDE (__exidx_end, .)
                0x00400430                . = ALIGN (0x4)
                0x00400430                _etext = .

.relocate       0x20400000      0x430 load address 0x00400430
                0x20400000                . = ALIGN (0x4)
                0x20400000                _srelocate = .
 *(.ramfunc .ramfunc.*)
 *(.data .data.*)
 .data          0x20400000        0x4 Device_Startup/system_same70q21.o
                0x20400000                SystemCoreClock
 *fill*         0x20400004        0x4 
 .data.impure_data
                0x20400008      0x428 c:/program files (x86)/atmel/studio/7.0/toolchain/arm/arm-gnu-toolchain/bin/../lib/gcc/arm-none-eabi/6.2.1/../../../../arm-none-eabi/lib/thumb/v7e-m\libc.a(lib_a-impure.o)
                0x20400430                . = ALIGN (0x4)
                0x20400430                _erelocate = .

.bss            0x20400430       0x1c load address 0x00400860
                0x20400430                . = ALIGN (0x4)
                0x20400430                _sbss = .
                0x20400430                _szero = .
 *(.bss .bss.*)
 .bss           0x20400430       0x1c c:/program files (x86)/atmel/studio/7.0/toolchain/arm/arm-gnu-toolchain/bin/../lib/gcc/arm-none-eabi/6.2.1/thumb/v7e-m/crtbegin.o
 *(COMMON)
                0x2040044c                . = ALIGN (0x4)
                0x2040044c                _ebss = .
                0x2040044c                _ezero = .

.heap           0x2040044c      0x204 load address 0x0040087c
                0x20400450                . = ALIGN (0x8)
 *fill*         0x2040044c        0x4 
                0x20400450                _sheap = .
                0x20400650                . = (. + HEAP_SIZE)
 *fill*         0x20400450      0x200 
                0x20400650                . = ALIGN (0x8)
                0x20400650                _eheap = .

.stack          0x20400650      0x400 load address 0x00400a80
                0x20400650                . = ALIGN (0x8)
                0x20400650                _sstack = .
                0x20400a50                . = (. + STACK_SIZE)
 *fill*         0x20400650      0x400 
                0x20400a50                . = ALIGN (0x8)
                0x20400a50                _estack = .
                0x20400a50                . = ALIGN (0x4)
                0x20400a50                _end = .
                0x2045ffff                _ram_end_ = ((ORIGIN (ram) + LENGTH (ram)) - 0x1)
OUTPUT(SamE70Learning.elf elf32-littlearm)

.ARM.attributes
                0x00000000       0x2a
 .ARM.attributes
                0x00000000       0x1e c:/program files (x86)/atmel/studio/7.0/toolchain/arm/arm-gnu-toolchain/bin/../lib/gcc/arm-none-eabi/6.2.1/thumb/v7e-m/crti.o
 .ARM.attributes
                0x0000001e       0x2e c:/program files (x86)/atmel/studio/7.0/toolchain/arm/arm-gnu-toolchain/bin/../lib/gcc/arm-none-eabi/6.2.1/thumb/v7e-m/crtbegin.o
 .ARM.attributes
                0x0000004c       0x33 Device_Startup/startup_same70q21.o
 .ARM.attributes
                0x0000007f       0x33 Device_Startup/system_same70q21.o
 .ARM.attributes
                0x000000b2       0x33 main.o
 .ARM.attributes
                0x000000e5       0x2e c:/program files (x86)/atmel/studio/7.0/toolchain/arm/arm-gnu-toolchain/bin/../lib/gcc/arm-none-eabi/6.2.1/../../../../arm-none-eabi/lib/thumb/v7e-m\libc.a(lib_a-impure.o)
 .ARM.attributes
                0x00000113       0x2e c:/program files (x86)/atmel/studio/7.0/toolchain/arm/arm-gnu-toolchain/bin/../lib/gcc/arm-none-eabi/6.2.1/../../../../arm-none-eabi/lib/thumb/v7e-m\libc.a(lib_a-init.o)
 .ARM.attributes
                0x00000141       0x2e c:/program files (x86)/atmel/studio/7.0/toolchain/arm/arm-gnu-toolchain/bin/../lib/gcc/arm-none-eabi/6.2.1/../../../../arm-none-eabi/lib/thumb/v7e-m\libc.a(lib_a-__call_atexit.o)
 .ARM.attributes
                0x0000016f       0x2e c:/program files (x86)/atmel/studio/7.0/toolchain/arm/arm-gnu-toolchain/bin/../lib/gcc/arm-none-eabi/6.2.1/../../../../arm-none-eabi/lib/thumb/v7e-m\libc.a(lib_a-atexit.o)
 .ARM.attributes
                0x0000019d       0x2e c:/program files (x86)/atmel/studio/7.0/toolchain/arm/arm-gnu-toolchain/bin/../lib/gcc/arm-none-eabi/6.2.1/../../../../arm-none-eabi/lib/thumb/v7e-m\libc.a(lib_a-fini.o)
 .ARM.attributes
                0x000001cb       0x2e c:/program files (x86)/atmel/studio/7.0/toolchain/arm/arm-gnu-toolchain/bin/../lib/gcc/arm-none-eabi/6.2.1/../../../../arm-none-eabi/lib/thumb/v7e-m\libc.a(lib_a-__atexit.o)
 .ARM.attributes
                0x000001f9       0x1e c:/program files (x86)/atmel/studio/7.0/toolchain/arm/arm-gnu-toolchain/bin/../lib/gcc/arm-none-eabi/6.2.1/thumb/v7e-m/crtn.o

.comment        0x00000000       0x59
 .comment       0x00000000       0x59 Device_Startup/startup_same70q21.o
                                 0x5a (size before relaxing)
 .comment       0x00000059       0x5a Device_Startup/system_same70q21.o
 .comment       0x00000059       0x5a main.o

.debug_info     0x00000000     0x14fc
 .debug_info    0x00000000      0xace Device_Startup/startup_same70q21.o
 .debug_info    0x00000ace       0xf6 Device_Startup/system_same70q21.o
 .debug_info    0x00000bc4      0x938 main.o

.debug_abbrev   0x00000000      0x2df
 .debug_abbrev  0x00000000      0x153 Device_Startup/startup_same70q21.o
 .debug_abbrev  0x00000153       0x7d Device_Startup/system_same70q21.o
 .debug_abbrev  0x000001d0      0x10f main.o

.debug_loc      0x00000000       0xeb
 .debug_loc     0x00000000       0x6b Device_Startup/startup_same70q21.o
 .debug_loc     0x0000006b       0x80 main.o

.debug_aranges  0x00000000       0x70
 .debug_aranges
                0x00000000       0x28 Device_Startup/startup_same70q21.o
 .debug_aranges
                0x00000028       0x28 Device_Startup/system_same70q21.o
 .debug_aranges
                0x00000050       0x20 main.o

.debug_ranges   0x00000000       0x40
 .debug_ranges  0x00000000       0x18 Device_Startup/startup_same70q21.o
 .debug_ranges  0x00000018       0x18 Device_Startup/system_same70q21.o
 .debug_ranges  0x00000030       0x10 main.o

.debug_macro    0x00000000    0x327d6
 .debug_macro   0x00000000      0x42e Device_Startup/startup_same70q21.o
 .debug_macro   0x0000042e      0x8aa Device_Startup/startup_same70q21.o
 .debug_macro   0x00000cd8       0x22 Device_Startup/startup_same70q21.o
 .debug_macro   0x00000cfa       0x87 Device_Startup/startup_same70q21.o
 .debug_macro   0x00000d81       0x51 Device_Startup/startup_same70q21.o
 .debug_macro   0x00000dd2       0xef Device_Startup/startup_same70q21.o
 .debug_macro   0x00000ec1       0x6a Device_Startup/startup_same70q21.o
 .debug_macro   0x00000f2b      0x1df Device_Startup/startup_same70q21.o
 .debug_macro   0x0000110a       0x99 Device_Startup/startup_same70q21.o
 .debug_macro   0x000011a3       0x28 Device_Startup/startup_same70q21.o
 .debug_macro   0x000011cb       0xaf Device_Startup/startup_same70q21.o
 .debug_macro   0x0000127a     0x128e Device_Startup/startup_same70q21.o
 .debug_macro   0x00002508      0x3dc Device_Startup/startup_same70q21.o
 .debug_macro   0x000028e4      0x58c Device_Startup/startup_same70q21.o
 .debug_macro   0x00002e70     0x1791 Device_Startup/startup_same70q21.o
 .debug_macro   0x00004601      0x3b7 Device_Startup/startup_same70q21.o
 .debug_macro   0x000049b8      0x82b Device_Startup/startup_same70q21.o
 .debug_macro   0x000051e3      0x310 Device_Startup/startup_same70q21.o
 .debug_macro   0x000054f3     0x3466 Device_Startup/startup_same70q21.o
 .debug_macro   0x00008959       0x40 Device_Startup/startup_same70q21.o
 .debug_macro   0x00008999     0x105a Device_Startup/startup_same70q21.o
 .debug_macro   0x000099f3      0x54f Device_Startup/startup_same70q21.o
 .debug_macro   0x00009f42      0xb8f Device_Startup/startup_same70q21.o
 .debug_macro   0x0000aad1      0x528 Device_Startup/startup_same70q21.o
 .debug_macro   0x0000aff9     0x3197 Device_Startup/startup_same70q21.o
 .debug_macro   0x0000e190     0x83fb Device_Startup/startup_same70q21.o
 .debug_macro   0x0001658b     0x3010 Device_Startup/startup_same70q21.o
 .debug_macro   0x0001959b     0x2440 Device_Startup/startup_same70q21.o
 .debug_macro   0x0001b9db      0x879 Device_Startup/startup_same70q21.o
 .debug_macro   0x0001c254      0x17d Device_Startup/startup_same70q21.o
 .debug_macro   0x0001c3d1      0x118 Device_Startup/startup_same70q21.o
 .debug_macro   0x0001c4e9      0x950 Device_Startup/startup_same70q21.o
 .debug_macro   0x0001ce39      0x121 Device_Startup/startup_same70q21.o
 .debug_macro   0x0001cf5a      0x4fc Device_Startup/startup_same70q21.o
 .debug_macro   0x0001d456      0x3e0 Device_Startup/startup_same70q21.o
 .debug_macro   0x0001d836      0x698 Device_Startup/startup_same70q21.o
 .debug_macro   0x0001dece      0xb5f Device_Startup/startup_same70q21.o
 .debug_macro   0x0001ea2d      0xefd Device_Startup/startup_same70q21.o
 .debug_macro   0x0001f92a      0xbad Device_Startup/startup_same70q21.o
 .debug_macro   0x000204d7      0x120 Device_Startup/startup_same70q21.o
 .debug_macro   0x000205f7      0xbbe Device_Startup/startup_same70q21.o
 .debug_macro   0x000211b5      0x5bf Device_Startup/startup_same70q21.o
 .debug_macro   0x00021774     0x1204 Device_Startup/startup_same70q21.o
 .debug_macro   0x00022978     0x34e1 Device_Startup/startup_same70q21.o
 .debug_macro   0x00025e59       0xb2 Device_Startup/startup_same70q21.o
 .debug_macro   0x00025f0b      0x12d Device_Startup/startup_same70q21.o
 .debug_macro   0x00026038     0x2781 Device_Startup/startup_same70q21.o
 .debug_macro   0x000287b9       0x46 Device_Startup/startup_same70q21.o
 .debug_macro   0x000287ff      0x145 Device_Startup/startup_same70q21.o
 .debug_macro   0x00028944       0xc4 Device_Startup/startup_same70q21.o
 .debug_macro   0x00028a08       0xc4 Device_Startup/startup_same70q21.o
 .debug_macro   0x00028acc       0x16 Device_Startup/startup_same70q21.o
 .debug_macro   0x00028ae2       0x76 Device_Startup/startup_same70q21.o
 .debug_macro   0x00028b58       0x40 Device_Startup/startup_same70q21.o
 .debug_macro   0x00028b98      0x56d Device_Startup/startup_same70q21.o
 .debug_macro   0x00029105       0x40 Device_Startup/startup_same70q21.o
 .debug_macro   0x00029145      0x7c7 Device_Startup/startup_same70q21.o
 .debug_macro   0x0002990c       0x82 Device_Startup/startup_same70q21.o
 .debug_macro   0x0002998e       0xa6 Device_Startup/startup_same70q21.o
 .debug_macro   0x00029a34      0x128 Device_Startup/startup_same70q21.o
 .debug_macro   0x00029b5c      0x119 Device_Startup/startup_same70q21.o
 .debug_macro   0x00029c75      0x119 Device_Startup/startup_same70q21.o
 .debug_macro   0x00029d8e      0x17e Device_Startup/startup_same70q21.o
 .debug_macro   0x00029f0c      0x177 Device_Startup/startup_same70q21.o
 .debug_macro   0x0002a083      0x177 Device_Startup/startup_same70q21.o
 .debug_macro   0x0002a1fa      0x177 Device_Startup/startup_same70q21.o
 .debug_macro   0x0002a371      0x177 Device_Startup/startup_same70q21.o
 .debug_macro   0x0002a4e8      0x11f Device_Startup/startup_same70q21.o
 .debug_macro   0x0002a607      0x313 Device_Startup/startup_same70q21.o
 .debug_macro   0x0002a91a      0x313 Device_Startup/startup_same70q21.o
 .debug_macro   0x0002ac2d       0x7c Device_Startup/startup_same70q21.o
 .debug_macro   0x0002aca9       0x22 Device_Startup/startup_same70q21.o
 .debug_macro   0x0002accb       0x22 Device_Startup/startup_same70q21.o
 .debug_macro   0x0002aced       0x5e Device_Startup/startup_same70q21.o
 .debug_macro   0x0002ad4b       0x28 Device_Startup/startup_same70q21.o
 .debug_macro   0x0002ad73       0x5e Device_Startup/startup_same70q21.o
 .debug_macro   0x0002add1       0x8e Device_Startup/startup_same70q21.o
 .debug_macro   0x0002ae5f       0x76 Device_Startup/startup_same70q21.o
 .debug_macro   0x0002aed5       0x76 Device_Startup/startup_same70q21.o
 .debug_macro   0x0002af4b       0x88 Device_Startup/startup_same70q21.o
 .debug_macro   0x0002afd3       0x34 Device_Startup/startup_same70q21.o
 .debug_macro   0x0002b007      0x144 Device_Startup/startup_same70q21.o
 .debug_macro   0x0002b14b      0x144 Device_Startup/startup_same70q21.o
 .debug_macro   0x0002b28f      0x144 Device_Startup/startup_same70q21.o
 .debug_macro   0x0002b3d3      0x144 Device_Startup/startup_same70q21.o
 .debug_macro   0x0002b517       0x34 Device_Startup/startup_same70q21.o
 .debug_macro   0x0002b54b       0x7c Device_Startup/startup_same70q21.o
 .debug_macro   0x0002b5c7       0x7c Device_Startup/startup_same70q21.o
 .debug_macro   0x0002b643       0x7c Device_Startup/startup_same70q21.o
 .debug_macro   0x0002b6bf       0x5e Device_Startup/startup_same70q21.o
 .debug_macro   0x0002b71d       0x5e Device_Startup/startup_same70q21.o
 .debug_macro   0x0002b77b       0x5e Device_Startup/startup_same70q21.o
 .debug_macro   0x0002b7d9       0x5e Device_Startup/startup_same70q21.o
 .debug_macro   0x0002b837       0x5e Device_Startup/startup_same70q21.o
 .debug_macro   0x0002b895       0xd6 Device_Startup/startup_same70q21.o
 .debug_macro   0x0002b96b       0xd6 Device_Startup/startup_same70q21.o
 .debug_macro   0x0002ba41       0xd6 Device_Startup/startup_same70q21.o
 .debug_macro   0x0002bb17      0x718 Device_Startup/startup_same70q21.o
 .debug_macro   0x0002c22f       0x16 Device_Startup/startup_same70q21.o
 .debug_macro   0x0002c245       0x22 Device_Startup/startup_same70q21.o
 .debug_macro   0x0002c267      0x9b8 Device_Startup/startup_same70q21.o
 .debug_macro   0x0002cc1f      0x559 Device_Startup/startup_same70q21.o
 .debug_macro   0x0002d178     0x2fcb Device_Startup/startup_same70q21.o
 .debug_macro   0x00030143      0x169 Device_Startup/startup_same70q21.o
 .debug_macro   0x000302ac      0x434 Device_Startup/system_same70q21.o
 .debug_macro   0x000306e0      0x449 main.o
 .debug_macro   0x00030b29      0x97c main.o
 .debug_macro   0x000314a5       0x1c main.o
 .debug_macro   0x000314c1       0x87 main.o
 .debug_macro   0x00031548     0x128e main.o

.debug_line     0x00000000     0x1810
 .debug_line    0x00000000      0x813 Device_Startup/startup_same70q21.o
 .debug_line    0x00000813      0x804 Device_Startup/system_same70q21.o
 .debug_line    0x00001017      0x7f9 main.o

.debug_str      0x00000000   0x112365
 .debug_str     0x00000000   0x1118f4 Device_Startup/startup_same70q21.o
                             0x11216b (size before relaxing)
 .debug_str     0x001118f4       0x70 Device_Startup/system_same70q21.o
                             0x111a1e (size before relaxing)
 .debug_str     0x00111964      0xa01 main.o
                             0x11223f (size before relaxing)

.debug_frame    0x00000000      0x194
 .debug_frame   0x00000000       0x38 Device_Startup/startup_same70q21.o
 .debug_frame   0x00000038       0x30 Device_Startup/system_same70q21.o
 .debug_frame   0x00000068       0x28 main.o
 .debug_frame   0x00000090       0x2c c:/program files (x86)/atmel/studio/7.0/toolchain/arm/arm-gnu-toolchain/bin/../lib/gcc/arm-none-eabi/6.2.1/../../../../arm-none-eabi/lib/thumb/v7e-m\libc.a(lib_a-init.o)
 .debug_frame   0x000000bc       0x50 c:/program files (x86)/atmel/studio/7.0/toolchain/arm/arm-gnu-toolchain/bin/../lib/gcc/arm-none-eabi/6.2.1/../../../../arm-none-eabi/lib/thumb/v7e-m\libc.a(lib_a-__call_atexit.o)
 .debug_frame   0x0000010c       0x20 c:/program files (x86)/atmel/studio/7.0/toolchain/arm/arm-gnu-toolchain/bin/../lib/gcc/arm-none-eabi/6.2.1/../../../../arm-none-eabi/lib/thumb/v7e-m\libc.a(lib_a-atexit.o)
 .debug_frame   0x0000012c       0x34 c:/program files (x86)/atmel/studio/7.0/toolchain/arm/arm-gnu-toolchain/bin/../lib/gcc/arm-none-eabi/6.2.1/../../../../arm-none-eabi/lib/thumb/v7e-m\libc.a(lib_a-fini.o)
 .debug_frame   0x00000160       0x34 c:/program files (x86)/atmel/studio/7.0/toolchain/arm/arm-gnu-toolchain/bin/../lib/gcc/arm-none-eabi/6.2.1/../../../../arm-none-eabi/lib/thumb/v7e-m\libc.a(lib_a-__atexit.o)
