Archive member included to satisfy reference by file (symbol)

c:/program files (x86)/atmel/studio/7.0/toolchain/arm/arm-gnu-toolchain/bin/../lib/gcc/arm-none-eabi/6.3.1/../../../../arm-none-eabi/lib/thumb/v7e-m\libc.a(lib_a-exit.o)
                              c:/program files (x86)/atmel/studio/7.0/toolchain/arm/arm-gnu-toolchain/bin/../lib/gcc/arm-none-eabi/6.3.1/../../../../arm-none-eabi/lib/thumb/v7e-m/crt0.o (exit)
c:/program files (x86)/atmel/studio/7.0/toolchain/arm/arm-gnu-toolchain/bin/../lib/gcc/arm-none-eabi/6.3.1/../../../../arm-none-eabi/lib/thumb/v7e-m\libc.a(lib_a-impure.o)
                              c:/program files (x86)/atmel/studio/7.0/toolchain/arm/arm-gnu-toolchain/bin/../lib/gcc/arm-none-eabi/6.3.1/../../../../arm-none-eabi/lib/thumb/v7e-m\libc.a(lib_a-exit.o) (_global_impure_ptr)
c:/program files (x86)/atmel/studio/7.0/toolchain/arm/arm-gnu-toolchain/bin/../lib/gcc/arm-none-eabi/6.3.1/../../../../arm-none-eabi/lib/thumb/v7e-m\libc.a(lib_a-init.o)
                              c:/program files (x86)/atmel/studio/7.0/toolchain/arm/arm-gnu-toolchain/bin/../lib/gcc/arm-none-eabi/6.3.1/../../../../arm-none-eabi/lib/thumb/v7e-m/crt0.o (__libc_init_array)
c:/program files (x86)/atmel/studio/7.0/toolchain/arm/arm-gnu-toolchain/bin/../lib/gcc/arm-none-eabi/6.3.1/../../../../arm-none-eabi/lib/thumb/v7e-m\libc.a(lib_a-memset.o)
                              c:/program files (x86)/atmel/studio/7.0/toolchain/arm/arm-gnu-toolchain/bin/../lib/gcc/arm-none-eabi/6.3.1/../../../../arm-none-eabi/lib/thumb/v7e-m/crt0.o (memset)
c:/program files (x86)/atmel/studio/7.0/toolchain/arm/arm-gnu-toolchain/bin/../lib/gcc/arm-none-eabi/6.3.1/../../../../arm-none-eabi/lib/thumb/v7e-m\libc.a(lib_a-__call_atexit.o)
                              c:/program files (x86)/atmel/studio/7.0/toolchain/arm/arm-gnu-toolchain/bin/../lib/gcc/arm-none-eabi/6.3.1/../../../../arm-none-eabi/lib/thumb/v7e-m\libc.a(lib_a-exit.o) (__call_exitprocs)
c:/program files (x86)/atmel/studio/7.0/toolchain/arm/arm-gnu-toolchain/bin/../lib/gcc/arm-none-eabi/6.3.1/../../../../arm-none-eabi/lib/thumb/v7e-m\libc.a(lib_a-atexit.o)
                              c:/program files (x86)/atmel/studio/7.0/toolchain/arm/arm-gnu-toolchain/bin/../lib/gcc/arm-none-eabi/6.3.1/../../../../arm-none-eabi/lib/thumb/v7e-m\libc.a(lib_a-__call_atexit.o) (atexit)
c:/program files (x86)/atmel/studio/7.0/toolchain/arm/arm-gnu-toolchain/bin/../lib/gcc/arm-none-eabi/6.3.1/../../../../arm-none-eabi/lib/thumb/v7e-m\libc.a(lib_a-fini.o)
                              c:/program files (x86)/atmel/studio/7.0/toolchain/arm/arm-gnu-toolchain/bin/../lib/gcc/arm-none-eabi/6.3.1/../../../../arm-none-eabi/lib/thumb/v7e-m\libc.a(lib_a-__call_atexit.o) (__libc_fini_array)
c:/program files (x86)/atmel/studio/7.0/toolchain/arm/arm-gnu-toolchain/bin/../lib/gcc/arm-none-eabi/6.3.1/../../../../arm-none-eabi/lib/thumb/v7e-m\libc.a(lib_a-lock.o)
                              c:/program files (x86)/atmel/studio/7.0/toolchain/arm/arm-gnu-toolchain/bin/../lib/gcc/arm-none-eabi/6.3.1/../../../../arm-none-eabi/lib/thumb/v7e-m\libc.a(lib_a-__call_atexit.o) (__retarget_lock_acquire_recursive)
c:/program files (x86)/atmel/studio/7.0/toolchain/arm/arm-gnu-toolchain/bin/../lib/gcc/arm-none-eabi/6.3.1/../../../../arm-none-eabi/lib/thumb/v7e-m\libc.a(lib_a-__atexit.o)
                              c:/program files (x86)/atmel/studio/7.0/toolchain/arm/arm-gnu-toolchain/bin/../lib/gcc/arm-none-eabi/6.3.1/../../../../arm-none-eabi/lib/thumb/v7e-m\libc.a(lib_a-atexit.o) (__register_exitproc)

Allocating common symbols
Common symbol       size              file

__lock___atexit_recursive_mutex
                    0x1               c:/program files (x86)/atmel/studio/7.0/toolchain/arm/arm-gnu-toolchain/bin/../lib/gcc/arm-none-eabi/6.3.1/../../../../arm-none-eabi/lib/thumb/v7e-m\libc.a(lib_a-lock.o)
__lock___arc4random_mutex
                    0x1               c:/program files (x86)/atmel/studio/7.0/toolchain/arm/arm-gnu-toolchain/bin/../lib/gcc/arm-none-eabi/6.3.1/../../../../arm-none-eabi/lib/thumb/v7e-m\libc.a(lib_a-lock.o)
__lock___env_recursive_mutex
                    0x1               c:/program files (x86)/atmel/studio/7.0/toolchain/arm/arm-gnu-toolchain/bin/../lib/gcc/arm-none-eabi/6.3.1/../../../../arm-none-eabi/lib/thumb/v7e-m\libc.a(lib_a-lock.o)
__lock___sinit_recursive_mutex
                    0x1               c:/program files (x86)/atmel/studio/7.0/toolchain/arm/arm-gnu-toolchain/bin/../lib/gcc/arm-none-eabi/6.3.1/../../../../arm-none-eabi/lib/thumb/v7e-m\libc.a(lib_a-lock.o)
__lock___malloc_recursive_mutex
                    0x1               c:/program files (x86)/atmel/studio/7.0/toolchain/arm/arm-gnu-toolchain/bin/../lib/gcc/arm-none-eabi/6.3.1/../../../../arm-none-eabi/lib/thumb/v7e-m\libc.a(lib_a-lock.o)
__lock___at_quick_exit_mutex
                    0x1               c:/program files (x86)/atmel/studio/7.0/toolchain/arm/arm-gnu-toolchain/bin/../lib/gcc/arm-none-eabi/6.3.1/../../../../arm-none-eabi/lib/thumb/v7e-m\libc.a(lib_a-lock.o)
__lock___dd_hash_mutex
                    0x1               c:/program files (x86)/atmel/studio/7.0/toolchain/arm/arm-gnu-toolchain/bin/../lib/gcc/arm-none-eabi/6.3.1/../../../../arm-none-eabi/lib/thumb/v7e-m\libc.a(lib_a-lock.o)
__lock___tz_mutex   0x1               c:/program files (x86)/atmel/studio/7.0/toolchain/arm/arm-gnu-toolchain/bin/../lib/gcc/arm-none-eabi/6.3.1/../../../../arm-none-eabi/lib/thumb/v7e-m\libc.a(lib_a-lock.o)
__lock___sfp_recursive_mutex
                    0x1               c:/program files (x86)/atmel/studio/7.0/toolchain/arm/arm-gnu-toolchain/bin/../lib/gcc/arm-none-eabi/6.3.1/../../../../arm-none-eabi/lib/thumb/v7e-m\libc.a(lib_a-lock.o)

Discarded input sections

 .text          0x00000000        0x0 c:/program files (x86)/atmel/studio/7.0/toolchain/arm/arm-gnu-toolchain/bin/../lib/gcc/arm-none-eabi/6.3.1/thumb/v7e-m/crti.o
 .data          0x00000000        0x0 c:/program files (x86)/atmel/studio/7.0/toolchain/arm/arm-gnu-toolchain/bin/../lib/gcc/arm-none-eabi/6.3.1/thumb/v7e-m/crti.o
 .bss           0x00000000        0x0 c:/program files (x86)/atmel/studio/7.0/toolchain/arm/arm-gnu-toolchain/bin/../lib/gcc/arm-none-eabi/6.3.1/thumb/v7e-m/crti.o
 .data          0x00000000        0x4 c:/program files (x86)/atmel/studio/7.0/toolchain/arm/arm-gnu-toolchain/bin/../lib/gcc/arm-none-eabi/6.3.1/thumb/v7e-m/crtbegin.o
 .text          0x00000000       0x74 c:/program files (x86)/atmel/studio/7.0/toolchain/arm/arm-gnu-toolchain/bin/../lib/gcc/arm-none-eabi/6.3.1/../../../../arm-none-eabi/lib/thumb/v7e-m/crt0.o
 .data          0x00000000        0x0 c:/program files (x86)/atmel/studio/7.0/toolchain/arm/arm-gnu-toolchain/bin/../lib/gcc/arm-none-eabi/6.3.1/../../../../arm-none-eabi/lib/thumb/v7e-m/crt0.o
 .bss           0x00000000        0x0 c:/program files (x86)/atmel/studio/7.0/toolchain/arm/arm-gnu-toolchain/bin/../lib/gcc/arm-none-eabi/6.3.1/../../../../arm-none-eabi/lib/thumb/v7e-m/crt0.o
 .ARM.extab     0x00000000        0x0 c:/program files (x86)/atmel/studio/7.0/toolchain/arm/arm-gnu-toolchain/bin/../lib/gcc/arm-none-eabi/6.3.1/../../../../arm-none-eabi/lib/thumb/v7e-m/crt0.o
 .ARM.exidx     0x00000000        0x8 c:/program files (x86)/atmel/studio/7.0/toolchain/arm/arm-gnu-toolchain/bin/../lib/gcc/arm-none-eabi/6.3.1/../../../../arm-none-eabi/lib/thumb/v7e-m/crt0.o
 .ARM.attributes
                0x00000000       0x1c c:/program files (x86)/atmel/studio/7.0/toolchain/arm/arm-gnu-toolchain/bin/../lib/gcc/arm-none-eabi/6.3.1/../../../../arm-none-eabi/lib/thumb/v7e-m/crt0.o
 .group         0x00000000        0x8 Device_Startup/startup_same70q21.o
 .group         0x00000000        0x8 Device_Startup/startup_same70q21.o
 .group         0x00000000        0x8 Device_Startup/startup_same70q21.o
 .group         0x00000000        0x8 Device_Startup/startup_same70q21.o
 .group         0x00000000        0x8 Device_Startup/startup_same70q21.o
 .group         0x00000000        0x8 Device_Startup/startup_same70q21.o
 .group         0x00000000        0x8 Device_Startup/startup_same70q21.o
 .group         0x00000000        0x8 Device_Startup/startup_same70q21.o
 .group         0x00000000        0x8 Device_Startup/startup_same70q21.o
 .group         0x00000000        0x8 Device_Startup/startup_same70q21.o
 .group         0x00000000        0x8 Device_Startup/startup_same70q21.o
 .group         0x00000000        0x8 Device_Startup/startup_same70q21.o
 .group         0x00000000        0x8 Device_Startup/startup_same70q21.o
 .group         0x00000000        0x8 Device_Startup/startup_same70q21.o
 .group         0x00000000        0x8 Device_Startup/startup_same70q21.o
 .group         0x00000000        0x8 Device_Startup/startup_same70q21.o
 .group         0x00000000        0x8 Device_Startup/startup_same70q21.o
 .group         0x00000000        0x8 Device_Startup/startup_same70q21.o
 .group         0x00000000        0x8 Device_Startup/startup_same70q21.o
 .group         0x00000000        0x8 Device_Startup/startup_same70q21.o
 .group         0x00000000        0x8 Device_Startup/startup_same70q21.o
 .group         0x00000000        0x8 Device_Startup/startup_same70q21.o
 .group         0x00000000        0x8 Device_Startup/startup_same70q21.o
 .group         0x00000000        0x8 Device_Startup/startup_same70q21.o
 .group         0x00000000        0x8 Device_Startup/startup_same70q21.o
 .group         0x00000000        0x8 Device_Startup/startup_same70q21.o
 .group         0x00000000        0x8 Device_Startup/startup_same70q21.o
 .group         0x00000000        0x8 Device_Startup/startup_same70q21.o
 .group         0x00000000        0x8 Device_Startup/startup_same70q21.o
 .group         0x00000000        0x8 Device_Startup/startup_same70q21.o
 .group         0x00000000        0x8 Device_Startup/startup_same70q21.o
 .group         0x00000000        0x8 Device_Startup/startup_same70q21.o
 .group         0x00000000        0x8 Device_Startup/startup_same70q21.o
 .group         0x00000000        0x8 Device_Startup/startup_same70q21.o
 .group         0x00000000        0x8 Device_Startup/startup_same70q21.o
 .group         0x00000000        0x8 Device_Startup/startup_same70q21.o
 .group         0x00000000        0x8 Device_Startup/startup_same70q21.o
 .group         0x00000000        0x8 Device_Startup/startup_same70q21.o
 .group         0x00000000        0x8 Device_Startup/startup_same70q21.o
 .group         0x00000000        0x8 Device_Startup/startup_same70q21.o
 .group         0x00000000        0x8 Device_Startup/startup_same70q21.o
 .group         0x00000000        0x8 Device_Startup/startup_same70q21.o
 .group         0x00000000        0x8 Device_Startup/startup_same70q21.o
 .group         0x00000000        0x8 Device_Startup/startup_same70q21.o
 .group         0x00000000        0x8 Device_Startup/startup_same70q21.o
 .group         0x00000000        0x8 Device_Startup/startup_same70q21.o
 .group         0x00000000        0x8 Device_Startup/startup_same70q21.o
 .group         0x00000000        0x8 Device_Startup/startup_same70q21.o
 .group         0x00000000        0x8 Device_Startup/startup_same70q21.o
 .group         0x00000000        0x8 Device_Startup/startup_same70q21.o
 .group         0x00000000        0x8 Device_Startup/startup_same70q21.o
 .group         0x00000000        0x8 Device_Startup/startup_same70q21.o
 .group         0x00000000        0x8 Device_Startup/startup_same70q21.o
 .group         0x00000000        0x8 Device_Startup/startup_same70q21.o
 .group         0x00000000        0x8 Device_Startup/startup_same70q21.o
 .group         0x00000000        0x8 Device_Startup/startup_same70q21.o
 .group         0x00000000        0x8 Device_Startup/startup_same70q21.o
 .group         0x00000000        0x8 Device_Startup/startup_same70q21.o
 .group         0x00000000        0x8 Device_Startup/startup_same70q21.o
 .group         0x00000000        0x8 Device_Startup/startup_same70q21.o
 .group         0x00000000        0x8 Device_Startup/startup_same70q21.o
 .group         0x00000000        0x8 Device_Startup/startup_same70q21.o
 .group         0x00000000        0x8 Device_Startup/startup_same70q21.o
 .group         0x00000000        0x8 Device_Startup/startup_same70q21.o
 .group         0x00000000        0x8 Device_Startup/startup_same70q21.o
 .group         0x00000000        0x8 Device_Startup/startup_same70q21.o
 .group         0x00000000        0x8 Device_Startup/startup_same70q21.o
 .group         0x00000000        0x8 Device_Startup/startup_same70q21.o
 .group         0x00000000        0x8 Device_Startup/startup_same70q21.o
 .group         0x00000000        0x8 Device_Startup/startup_same70q21.o
 .group         0x00000000        0x8 Device_Startup/startup_same70q21.o
 .group         0x00000000        0x8 Device_Startup/startup_same70q21.o
 .group         0x00000000        0x8 Device_Startup/startup_same70q21.o
 .group         0x00000000        0x8 Device_Startup/startup_same70q21.o
 .group         0x00000000        0x8 Device_Startup/startup_same70q21.o
 .group         0x00000000        0x8 Device_Startup/startup_same70q21.o
 .group         0x00000000        0x8 Device_Startup/startup_same70q21.o
 .group         0x00000000        0x8 Device_Startup/startup_same70q21.o
 .group         0x00000000        0x8 Device_Startup/startup_same70q21.o
 .group         0x00000000        0x8 Device_Startup/startup_same70q21.o
 .group         0x00000000        0x8 Device_Startup/startup_same70q21.o
 .group         0x00000000        0x8 Device_Startup/startup_same70q21.o
 .group         0x00000000        0x8 Device_Startup/startup_same70q21.o
 .group         0x00000000        0x8 Device_Startup/startup_same70q21.o
 .group         0x00000000        0x8 Device_Startup/startup_same70q21.o
 .group         0x00000000        0x8 Device_Startup/startup_same70q21.o
 .group         0x00000000        0x8 Device_Startup/startup_same70q21.o
 .group         0x00000000        0x8 Device_Startup/startup_same70q21.o
 .group         0x00000000        0x8 Device_Startup/startup_same70q21.o
 .group         0x00000000        0x8 Device_Startup/startup_same70q21.o
 .group         0x00000000        0x8 Device_Startup/startup_same70q21.o
 .group         0x00000000        0x8 Device_Startup/startup_same70q21.o
 .group         0x00000000        0x8 Device_Startup/startup_same70q21.o
 .group         0x00000000        0x8 Device_Startup/startup_same70q21.o
 .group         0x00000000        0x8 Device_Startup/startup_same70q21.o
 .group         0x00000000        0x8 Device_Startup/startup_same70q21.o
 .group         0x00000000        0x8 Device_Startup/startup_same70q21.o
 .group         0x00000000        0x8 Device_Startup/startup_same70q21.o
 .group         0x00000000        0x8 Device_Startup/startup_same70q21.o
 .group         0x00000000        0x8 Device_Startup/startup_same70q21.o
 .group         0x00000000        0x8 Device_Startup/startup_same70q21.o
 .group         0x00000000        0x8 Device_Startup/startup_same70q21.o
 .group         0x00000000        0x8 Device_Startup/startup_same70q21.o
 .text          0x00000000        0x0 Device_Startup/startup_same70q21.o
 .data          0x00000000        0x0 Device_Startup/startup_same70q21.o
 .bss           0x00000000        0x0 Device_Startup/startup_same70q21.o
 .group         0x00000000        0x8 Device_Startup/system_same70q21.o
 .group         0x00000000        0x8 Device_Startup/system_same70q21.o
 .group         0x00000000        0x8 Device_Startup/system_same70q21.o
 .group         0x00000000        0x8 Device_Startup/system_same70q21.o
 .group         0x00000000        0x8 Device_Startup/system_same70q21.o
 .group         0x00000000        0x8 Device_Startup/system_same70q21.o
 .group         0x00000000        0x8 Device_Startup/system_same70q21.o
 .group         0x00000000        0x8 Device_Startup/system_same70q21.o
 .group         0x00000000        0x8 Device_Startup/system_same70q21.o
 .group         0x00000000        0x8 Device_Startup/system_same70q21.o
 .group         0x00000000        0x8 Device_Startup/system_same70q21.o
 .group         0x00000000        0x8 Device_Startup/system_same70q21.o
 .group         0x00000000        0x8 Device_Startup/system_same70q21.o
 .group         0x00000000        0x8 Device_Startup/system_same70q21.o
 .group         0x00000000        0x8 Device_Startup/system_same70q21.o
 .group         0x00000000        0x8 Device_Startup/system_same70q21.o
 .group         0x00000000        0x8 Device_Startup/system_same70q21.o
 .group         0x00000000        0x8 Device_Startup/system_same70q21.o
 .group         0x00000000        0x8 Device_Startup/system_same70q21.o
 .group         0x00000000        0x8 Device_Startup/system_same70q21.o
 .group         0x00000000        0x8 Device_Startup/system_same70q21.o
 .group         0x00000000        0x8 Device_Startup/system_same70q21.o
 .group         0x00000000        0x8 Device_Startup/system_same70q21.o
 .group         0x00000000        0x8 Device_Startup/system_same70q21.o
 .group         0x00000000        0x8 Device_Startup/system_same70q21.o
 .group         0x00000000        0x8 Device_Startup/system_same70q21.o
 .group         0x00000000        0x8 Device_Startup/system_same70q21.o
 .group         0x00000000        0x8 Device_Startup/system_same70q21.o
 .group         0x00000000        0x8 Device_Startup/system_same70q21.o
 .group         0x00000000        0x8 Device_Startup/system_same70q21.o
 .group         0x00000000        0x8 Device_Startup/system_same70q21.o
 .group         0x00000000        0x8 Device_Startup/system_same70q21.o
 .group         0x00000000        0x8 Device_Startup/system_same70q21.o
 .group         0x00000000        0x8 Device_Startup/system_same70q21.o
 .group         0x00000000        0x8 Device_Startup/system_same70q21.o
 .group         0x00000000        0x8 Device_Startup/system_same70q21.o
 .group         0x00000000        0x8 Device_Startup/system_same70q21.o
 .group         0x00000000        0x8 Device_Startup/system_same70q21.o
 .group         0x00000000        0x8 Device_Startup/system_same70q21.o
 .group         0x00000000        0x8 Device_Startup/system_same70q21.o
 .group         0x00000000        0x8 Device_Startup/system_same70q21.o
 .group         0x00000000        0x8 Device_Startup/system_same70q21.o
 .group         0x00000000        0x8 Device_Startup/system_same70q21.o
 .group         0x00000000        0x8 Device_Startup/system_same70q21.o
 .group         0x00000000        0x8 Device_Startup/system_same70q21.o
 .group         0x00000000        0x8 Device_Startup/system_same70q21.o
 .group         0x00000000        0x8 Device_Startup/system_same70q21.o
 .group         0x00000000        0x8 Device_Startup/system_same70q21.o
 .group         0x00000000        0x8 Device_Startup/system_same70q21.o
 .group         0x00000000        0x8 Device_Startup/system_same70q21.o
 .group         0x00000000        0x8 Device_Startup/system_same70q21.o
 .group         0x00000000        0x8 Device_Startup/system_same70q21.o
 .group         0x00000000        0x8 Device_Startup/system_same70q21.o
 .group         0x00000000        0x8 Device_Startup/system_same70q21.o
 .group         0x00000000        0x8 Device_Startup/system_same70q21.o
 .group         0x00000000        0x8 Device_Startup/system_same70q21.o
 .group         0x00000000        0x8 Device_Startup/system_same70q21.o
 .group         0x00000000        0x8 Device_Startup/system_same70q21.o
 .group         0x00000000        0x8 Device_Startup/system_same70q21.o
 .group         0x00000000        0x8 Device_Startup/system_same70q21.o
 .group         0x00000000        0x8 Device_Startup/system_same70q21.o
 .group         0x00000000        0x8 Device_Startup/system_same70q21.o
 .group         0x00000000        0x8 Device_Startup/system_same70q21.o
 .group         0x00000000        0x8 Device_Startup/system_same70q21.o
 .group         0x00000000        0x8 Device_Startup/system_same70q21.o
 .group         0x00000000        0x8 Device_Startup/system_same70q21.o
 .group         0x00000000        0x8 Device_Startup/system_same70q21.o
 .group         0x00000000        0x8 Device_Startup/system_same70q21.o
 .group         0x00000000        0x8 Device_Startup/system_same70q21.o
 .group         0x00000000        0x8 Device_Startup/system_same70q21.o
 .group         0x00000000        0x8 Device_Startup/system_same70q21.o
 .group         0x00000000        0x8 Device_Startup/system_same70q21.o
 .group         0x00000000        0x8 Device_Startup/system_same70q21.o
 .group         0x00000000        0x8 Device_Startup/system_same70q21.o
 .group         0x00000000        0x8 Device_Startup/system_same70q21.o
 .group         0x00000000        0x8 Device_Startup/system_same70q21.o
 .group         0x00000000        0x8 Device_Startup/system_same70q21.o
 .group         0x00000000        0x8 Device_Startup/system_same70q21.o
 .group         0x00000000        0x8 Device_Startup/system_same70q21.o
 .group         0x00000000        0x8 Device_Startup/system_same70q21.o
 .group         0x00000000        0x8 Device_Startup/system_same70q21.o
 .group         0x00000000        0x8 Device_Startup/system_same70q21.o
 .group         0x00000000        0x8 Device_Startup/system_same70q21.o
 .group         0x00000000        0x8 Device_Startup/system_same70q21.o
 .group         0x00000000        0x8 Device_Startup/system_same70q21.o
 .group         0x00000000        0x8 Device_Startup/system_same70q21.o
 .group         0x00000000        0x8 Device_Startup/system_same70q21.o
 .group         0x00000000        0x8 Device_Startup/system_same70q21.o
 .group         0x00000000        0x8 Device_Startup/system_same70q21.o
 .group         0x00000000        0x8 Device_Startup/system_same70q21.o
 .group         0x00000000        0x8 Device_Startup/system_same70q21.o
 .group         0x00000000        0x8 Device_Startup/system_same70q21.o
 .group         0x00000000        0x8 Device_Startup/system_same70q21.o
 .group         0x00000000        0x8 Device_Startup/system_same70q21.o
 .group         0x00000000        0x8 Device_Startup/system_same70q21.o
 .group         0x00000000        0x8 Device_Startup/system_same70q21.o
 .group         0x00000000        0x8 Device_Startup/system_same70q21.o
 .group         0x00000000        0x8 Device_Startup/system_same70q21.o
 .group         0x00000000        0x8 Device_Startup/system_same70q21.o
 .group         0x00000000        0x8 Device_Startup/system_same70q21.o
 .group         0x00000000        0x8 Device_Startup/system_same70q21.o
 .group         0x00000000        0x8 Device_Startup/system_same70q21.o
 .group         0x00000000        0x8 Device_Startup/system_same70q21.o
 .text          0x00000000        0x0 Device_Startup/system_same70q21.o
 .bss           0x00000000        0x0 Device_Startup/system_same70q21.o
 .text.SystemCoreClockUpdate
                0x00000000       0x10 Device_Startup/system_same70q21.o
 .debug_macro   0x00000000      0x8b0 Device_Startup/system_same70q21.o
 .debug_macro   0x00000000       0x22 Device_Startup/system_same70q21.o
 .debug_macro   0x00000000       0x87 Device_Startup/system_same70q21.o
 .debug_macro   0x00000000       0x51 Device_Startup/system_same70q21.o
 .debug_macro   0x00000000       0xef Device_Startup/system_same70q21.o
 .debug_macro   0x00000000       0x6a Device_Startup/system_same70q21.o
 .debug_macro   0x00000000      0x1df Device_Startup/system_same70q21.o
 .debug_macro   0x00000000       0x99 Device_Startup/system_same70q21.o
 .debug_macro   0x00000000       0x28 Device_Startup/system_same70q21.o
 .debug_macro   0x00000000       0xaf Device_Startup/system_same70q21.o
 .debug_macro   0x00000000     0x128e Device_Startup/system_same70q21.o
 .debug_macro   0x00000000      0x3dc Device_Startup/system_same70q21.o
 .debug_macro   0x00000000      0x58c Device_Startup/system_same70q21.o
 .debug_macro   0x00000000     0x1791 Device_Startup/system_same70q21.o
 .debug_macro   0x00000000      0x3b7 Device_Startup/system_same70q21.o
 .debug_macro   0x00000000      0x82b Device_Startup/system_same70q21.o
 .debug_macro   0x00000000      0x310 Device_Startup/system_same70q21.o
 .debug_macro   0x00000000     0x3466 Device_Startup/system_same70q21.o
 .debug_macro   0x00000000       0x40 Device_Startup/system_same70q21.o
 .debug_macro   0x00000000     0x105a Device_Startup/system_same70q21.o
 .debug_macro   0x00000000      0x54f Device_Startup/system_same70q21.o
 .debug_macro   0x00000000      0xb8f Device_Startup/system_same70q21.o
 .debug_macro   0x00000000      0x528 Device_Startup/system_same70q21.o
 .debug_macro   0x00000000     0x3197 Device_Startup/system_same70q21.o
 .debug_macro   0x00000000     0x83fb Device_Startup/system_same70q21.o
 .debug_macro   0x00000000     0x3010 Device_Startup/system_same70q21.o
 .debug_macro   0x00000000     0x2440 Device_Startup/system_same70q21.o
 .debug_macro   0x00000000      0x879 Device_Startup/system_same70q21.o
 .debug_macro   0x00000000      0x17d Device_Startup/system_same70q21.o
 .debug_macro   0x00000000      0x118 Device_Startup/system_same70q21.o
 .debug_macro   0x00000000      0x950 Device_Startup/system_same70q21.o
 .debug_macro   0x00000000      0x121 Device_Startup/system_same70q21.o
 .debug_macro   0x00000000      0x4fc Device_Startup/system_same70q21.o
 .debug_macro   0x00000000      0x3e0 Device_Startup/system_same70q21.o
 .debug_macro   0x00000000      0x698 Device_Startup/system_same70q21.o
 .debug_macro   0x00000000      0xb5f Device_Startup/system_same70q21.o
 .debug_macro   0x00000000      0xefd Device_Startup/system_same70q21.o
 .debug_macro   0x00000000      0xbad Device_Startup/system_same70q21.o
 .debug_macro   0x00000000      0x120 Device_Startup/system_same70q21.o
 .debug_macro   0x00000000      0xbbe Device_Startup/system_same70q21.o
 .debug_macro   0x00000000      0x5bf Device_Startup/system_same70q21.o
 .debug_macro   0x00000000     0x1204 Device_Startup/system_same70q21.o
 .debug_macro   0x00000000     0x34e1 Device_Startup/system_same70q21.o
 .debug_macro   0x00000000       0xb2 Device_Startup/system_same70q21.o
 .debug_macro   0x00000000      0x12d Device_Startup/system_same70q21.o
 .debug_macro   0x00000000     0x2781 Device_Startup/system_same70q21.o
 .debug_macro   0x00000000       0x46 Device_Startup/system_same70q21.o
 .debug_macro   0x00000000      0x145 Device_Startup/system_same70q21.o
 .debug_macro   0x00000000       0xc4 Device_Startup/system_same70q21.o
 .debug_macro   0x00000000       0xc4 Device_Startup/system_same70q21.o
 .debug_macro   0x00000000       0x16 Device_Startup/system_same70q21.o
 .debug_macro   0x00000000       0x76 Device_Startup/system_same70q21.o
 .debug_macro   0x00000000       0x40 Device_Startup/system_same70q21.o
 .debug_macro   0x00000000      0x56d Device_Startup/system_same70q21.o
 .debug_macro   0x00000000       0x40 Device_Startup/system_same70q21.o
 .debug_macro   0x00000000      0x7c7 Device_Startup/system_same70q21.o
 .debug_macro   0x00000000       0x82 Device_Startup/system_same70q21.o
 .debug_macro   0x00000000       0xa6 Device_Startup/system_same70q21.o
 .debug_macro   0x00000000      0x128 Device_Startup/system_same70q21.o
 .debug_macro   0x00000000      0x119 Device_Startup/system_same70q21.o
 .debug_macro   0x00000000      0x119 Device_Startup/system_same70q21.o
 .debug_macro   0x00000000      0x17e Device_Startup/system_same70q21.o
 .debug_macro   0x00000000      0x177 Device_Startup/system_same70q21.o
 .debug_macro   0x00000000      0x177 Device_Startup/system_same70q21.o
 .debug_macro   0x00000000      0x177 Device_Startup/system_same70q21.o
 .debug_macro   0x00000000      0x177 Device_Startup/system_same70q21.o
 .debug_macro   0x00000000      0x11f Device_Startup/system_same70q21.o
 .debug_macro   0x00000000      0x313 Device_Startup/system_same70q21.o
 .debug_macro   0x00000000      0x313 Device_Startup/system_same70q21.o
 .debug_macro   0x00000000       0x7c Device_Startup/system_same70q21.o
 .debug_macro   0x00000000       0x22 Device_Startup/system_same70q21.o
 .debug_macro   0x00000000       0x22 Device_Startup/system_same70q21.o
 .debug_macro   0x00000000       0x5e Device_Startup/system_same70q21.o
 .debug_macro   0x00000000       0x28 Device_Startup/system_same70q21.o
 .debug_macro   0x00000000       0x5e Device_Startup/system_same70q21.o
 .debug_macro   0x00000000       0x8e Device_Startup/system_same70q21.o
 .debug_macro   0x00000000       0x76 Device_Startup/system_same70q21.o
 .debug_macro   0x00000000       0x76 Device_Startup/system_same70q21.o
 .debug_macro   0x00000000       0x88 Device_Startup/system_same70q21.o
 .debug_macro   0x00000000       0x34 Device_Startup/system_same70q21.o
 .debug_macro   0x00000000      0x144 Device_Startup/system_same70q21.o
 .debug_macro   0x00000000      0x144 Device_Startup/system_same70q21.o
 .debug_macro   0x00000000      0x144 Device_Startup/system_same70q21.o
 .debug_macro   0x00000000      0x144 Device_Startup/system_same70q21.o
 .debug_macro   0x00000000       0x34 Device_Startup/system_same70q21.o
 .debug_macro   0x00000000       0x7c Device_Startup/system_same70q21.o
 .debug_macro   0x00000000       0x7c Device_Startup/system_same70q21.o
 .debug_macro   0x00000000       0x7c Device_Startup/system_same70q21.o
 .debug_macro   0x00000000       0x5e Device_Startup/system_same70q21.o
 .debug_macro   0x00000000       0x5e Device_Startup/system_same70q21.o
 .debug_macro   0x00000000       0x5e Device_Startup/system_same70q21.o
 .debug_macro   0x00000000       0x5e Device_Startup/system_same70q21.o
 .debug_macro   0x00000000       0x5e Device_Startup/system_same70q21.o
 .debug_macro   0x00000000       0xd6 Device_Startup/system_same70q21.o
 .debug_macro   0x00000000       0xd6 Device_Startup/system_same70q21.o
 .debug_macro   0x00000000       0xd6 Device_Startup/system_same70q21.o
 .debug_macro   0x00000000      0x718 Device_Startup/system_same70q21.o
 .debug_macro   0x00000000       0x16 Device_Startup/system_same70q21.o
 .debug_macro   0x00000000       0x22 Device_Startup/system_same70q21.o
 .debug_macro   0x00000000      0x9b8 Device_Startup/system_same70q21.o
 .debug_macro   0x00000000      0x559 Device_Startup/system_same70q21.o
 .debug_macro   0x00000000     0x2fcb Device_Startup/system_same70q21.o
 .debug_macro   0x00000000      0x169 Device_Startup/system_same70q21.o
 .group         0x00000000        0x8 main.o
 .group         0x00000000        0x8 main.o
 .group         0x00000000        0x8 main.o
 .group         0x00000000        0x8 main.o
 .group         0x00000000        0x8 main.o
 .group         0x00000000        0x8 main.o
 .group         0x00000000        0x8 main.o
 .group         0x00000000        0x8 main.o
 .group         0x00000000        0x8 main.o
 .group         0x00000000        0x8 main.o
 .group         0x00000000        0x8 main.o
 .group         0x00000000        0x8 main.o
 .group         0x00000000        0x8 main.o
 .group         0x00000000        0x8 main.o
 .group         0x00000000        0x8 main.o
 .group         0x00000000        0x8 main.o
 .group         0x00000000        0x8 main.o
 .group         0x00000000        0x8 main.o
 .group         0x00000000        0x8 main.o
 .group         0x00000000        0x8 main.o
 .group         0x00000000        0x8 main.o
 .group         0x00000000        0x8 main.o
 .group         0x00000000        0x8 main.o
 .group         0x00000000        0x8 main.o
 .group         0x00000000        0x8 main.o
 .group         0x00000000        0x8 main.o
 .group         0x00000000        0x8 main.o
 .group         0x00000000        0x8 main.o
 .group         0x00000000        0x8 main.o
 .group         0x00000000        0x8 main.o
 .group         0x00000000        0x8 main.o
 .group         0x00000000        0x8 main.o
 .group         0x00000000        0x8 main.o
 .group         0x00000000        0x8 main.o
 .group         0x00000000        0x8 main.o
 .group         0x00000000        0x8 main.o
 .group         0x00000000        0x8 main.o
 .group         0x00000000        0x8 main.o
 .group         0x00000000        0x8 main.o
 .group         0x00000000        0x8 main.o
 .group         0x00000000        0x8 main.o
 .group         0x00000000        0x8 main.o
 .group         0x00000000        0x8 main.o
 .group         0x00000000        0x8 main.o
 .group         0x00000000        0x8 main.o
 .group         0x00000000        0x8 main.o
 .group         0x00000000        0x8 main.o
 .group         0x00000000        0x8 main.o
 .group         0x00000000        0x8 main.o
 .group         0x00000000        0x8 main.o
 .group         0x00000000        0x8 main.o
 .group         0x00000000        0x8 main.o
 .group         0x00000000        0x8 main.o
 .group         0x00000000        0x8 main.o
 .group         0x00000000        0x8 main.o
 .group         0x00000000        0x8 main.o
 .group         0x00000000        0x8 main.o
 .group         0x00000000        0x8 main.o
 .group         0x00000000        0x8 main.o
 .group         0x00000000        0x8 main.o
 .group         0x00000000        0x8 main.o
 .group         0x00000000        0x8 main.o
 .group         0x00000000        0x8 main.o
 .group         0x00000000        0x8 main.o
 .group         0x00000000        0x8 main.o
 .group         0x00000000        0x8 main.o
 .group         0x00000000        0x8 main.o
 .group         0x00000000        0x8 main.o
 .group         0x00000000        0x8 main.o
 .group         0x00000000        0x8 main.o
 .group         0x00000000        0x8 main.o
 .group         0x00000000        0x8 main.o
 .group         0x00000000        0x8 main.o
 .group         0x00000000        0x8 main.o
 .group         0x00000000        0x8 main.o
 .group         0x00000000        0x8 main.o
 .group         0x00000000        0x8 main.o
 .group         0x00000000        0x8 main.o
 .group         0x00000000        0x8 main.o
 .group         0x00000000        0x8 main.o
 .group         0x00000000        0x8 main.o
 .group         0x00000000        0x8 main.o
 .group         0x00000000        0x8 main.o
 .group         0x00000000        0x8 main.o
 .group         0x00000000        0x8 main.o
 .group         0x00000000        0x8 main.o
 .group         0x00000000        0x8 main.o
 .group         0x00000000        0x8 main.o
 .group         0x00000000        0x8 main.o
 .group         0x00000000        0x8 main.o
 .group         0x00000000        0x8 main.o
 .group         0x00000000        0x8 main.o
 .group         0x00000000        0x8 main.o
 .group         0x00000000        0x8 main.o
 .group         0x00000000        0x8 main.o
 .group         0x00000000        0x8 main.o
 .group         0x00000000        0x8 main.o
 .group         0x00000000        0x8 main.o
 .group         0x00000000        0x8 main.o
 .group         0x00000000        0x8 main.o
 .group         0x00000000        0x8 main.o
 .group         0x00000000        0x8 main.o
 .group         0x00000000        0x8 main.o
 .group         0x00000000        0x8 main.o
 .text          0x00000000        0x0 main.o
 .data          0x00000000        0x0 main.o
 .bss           0x00000000        0x0 main.o
 .debug_macro   0x00000000       0x22 main.o
 .debug_macro   0x00000000       0x51 main.o
 .debug_macro   0x00000000       0xef main.o
 .debug_macro   0x00000000       0x6a main.o
 .debug_macro   0x00000000      0x1df main.o
 .debug_macro   0x00000000       0x99 main.o
 .debug_macro   0x00000000       0x28 main.o
 .debug_macro   0x00000000       0xaf main.o
 .debug_macro   0x00000000      0x3dc main.o
 .debug_macro   0x00000000      0x58c main.o
 .debug_macro   0x00000000     0x1791 main.o
 .debug_macro   0x00000000      0x3b7 main.o
 .debug_macro   0x00000000      0x82b main.o
 .debug_macro   0x00000000      0x310 main.o
 .debug_macro   0x00000000     0x3466 main.o
 .debug_macro   0x00000000       0x40 main.o
 .debug_macro   0x00000000     0x105a main.o
 .debug_macro   0x00000000      0x54f main.o
 .debug_macro   0x00000000      0xb8f main.o
 .debug_macro   0x00000000      0x528 main.o
 .debug_macro   0x00000000     0x3197 main.o
 .debug_macro   0x00000000     0x83fb main.o
 .debug_macro   0x00000000     0x3010 main.o
 .debug_macro   0x00000000     0x2440 main.o
 .debug_macro   0x00000000      0x879 main.o
 .debug_macro   0x00000000      0x17d main.o
 .debug_macro   0x00000000      0x118 main.o
 .debug_macro   0x00000000      0x950 main.o
 .debug_macro   0x00000000      0x121 main.o
 .debug_macro   0x00000000      0x4fc main.o
 .debug_macro   0x00000000      0x3e0 main.o
 .debug_macro   0x00000000      0x698 main.o
 .debug_macro   0x00000000      0xb5f main.o
 .debug_macro   0x00000000      0xefd main.o
 .debug_macro   0x00000000      0xbad main.o
 .debug_macro   0x00000000      0x120 main.o
 .debug_macro   0x00000000      0xbbe main.o
 .debug_macro   0x00000000      0x5bf main.o
 .debug_macro   0x00000000     0x1204 main.o
 .debug_macro   0x00000000     0x34e1 main.o
 .debug_macro   0x00000000       0xb2 main.o
 .debug_macro   0x00000000      0x12d main.o
 .debug_macro   0x00000000     0x2781 main.o
 .debug_macro   0x00000000       0x46 main.o
 .debug_macro   0x00000000      0x145 main.o
 .debug_macro   0x00000000       0xc4 main.o
 .debug_macro   0x00000000       0xc4 main.o
 .debug_macro   0x00000000       0x16 main.o
 .debug_macro   0x00000000       0x76 main.o
 .debug_macro   0x00000000       0x40 main.o
 .debug_macro   0x00000000      0x56d main.o
 .debug_macro   0x00000000       0x40 main.o
 .debug_macro   0x00000000      0x7c7 main.o
 .debug_macro   0x00000000       0x82 main.o
 .debug_macro   0x00000000       0xa6 main.o
 .debug_macro   0x00000000      0x128 main.o
 .debug_macro   0x00000000      0x119 main.o
 .debug_macro   0x00000000      0x119 main.o
 .debug_macro   0x00000000      0x17e main.o
 .debug_macro   0x00000000      0x177 main.o
 .debug_macro   0x00000000      0x177 main.o
 .debug_macro   0x00000000      0x177 main.o
 .debug_macro   0x00000000      0x177 main.o
 .debug_macro   0x00000000      0x11f main.o
 .debug_macro   0x00000000      0x313 main.o
 .debug_macro   0x00000000      0x313 main.o
 .debug_macro   0x00000000       0x7c main.o
 .debug_macro   0x00000000       0x22 main.o
 .debug_macro   0x00000000       0x22 main.o
 .debug_macro   0x00000000       0x5e main.o
 .debug_macro   0x00000000       0x28 main.o
 .debug_macro   0x00000000       0x5e main.o
 .debug_macro   0x00000000       0x8e main.o
 .debug_macro   0x00000000       0x76 main.o
 .debug_macro   0x00000000       0x76 main.o
 .debug_macro   0x00000000       0x88 main.o
 .debug_macro   0x00000000       0x34 main.o
 .debug_macro   0x00000000      0x144 main.o
 .debug_macro   0x00000000      0x144 main.o
 .debug_macro   0x00000000      0x144 main.o
 .debug_macro   0x00000000      0x144 main.o
 .debug_macro   0x00000000       0x34 main.o
 .debug_macro   0x00000000       0x7c main.o
 .debug_macro   0x00000000       0x7c main.o
 .debug_macro   0x00000000       0x7c main.o
 .debug_macro   0x00000000       0x5e main.o
 .debug_macro   0x00000000       0x5e main.o
 .debug_macro   0x00000000       0x5e main.o
 .debug_macro   0x00000000       0x5e main.o
 .debug_macro   0x00000000       0x5e main.o
 .debug_macro   0x00000000       0xd6 main.o
 .debug_macro   0x00000000       0xd6 main.o
 .debug_macro   0x00000000       0xd6 main.o
 .debug_macro   0x00000000      0x718 main.o
 .debug_macro   0x00000000       0x16 main.o
 .debug_macro   0x00000000       0x22 main.o
 .debug_macro   0x00000000      0x9b8 main.o
 .debug_macro   0x00000000      0x559 main.o
 .debug_macro   0x00000000     0x2fcb main.o
 .debug_macro   0x00000000      0x169 main.o
 .text          0x00000000        0x0 c:/program files (x86)/atmel/studio/7.0/toolchain/arm/arm-gnu-toolchain/bin/../lib/gcc/arm-none-eabi/6.3.1/../../../../arm-none-eabi/lib/thumb/v7e-m\libc.a(lib_a-exit.o)
 .data          0x00000000        0x0 c:/program files (x86)/atmel/studio/7.0/toolchain/arm/arm-gnu-toolchain/bin/../lib/gcc/arm-none-eabi/6.3.1/../../../../arm-none-eabi/lib/thumb/v7e-m\libc.a(lib_a-exit.o)
 .bss           0x00000000        0x0 c:/program files (x86)/atmel/studio/7.0/toolchain/arm/arm-gnu-toolchain/bin/../lib/gcc/arm-none-eabi/6.3.1/../../../../arm-none-eabi/lib/thumb/v7e-m\libc.a(lib_a-exit.o)
 .text.exit     0x00000000       0x20 c:/program files (x86)/atmel/studio/7.0/toolchain/arm/arm-gnu-toolchain/bin/../lib/gcc/arm-none-eabi/6.3.1/../../../../arm-none-eabi/lib/thumb/v7e-m\libc.a(lib_a-exit.o)
 .debug_frame   0x00000000       0x28 c:/program files (x86)/atmel/studio/7.0/toolchain/arm/arm-gnu-toolchain/bin/../lib/gcc/arm-none-eabi/6.3.1/../../../../arm-none-eabi/lib/thumb/v7e-m\libc.a(lib_a-exit.o)
 .ARM.attributes
                0x00000000       0x2e c:/program files (x86)/atmel/studio/7.0/toolchain/arm/arm-gnu-toolchain/bin/../lib/gcc/arm-none-eabi/6.3.1/../../../../arm-none-eabi/lib/thumb/v7e-m\libc.a(lib_a-exit.o)
 .text          0x00000000        0x0 c:/program files (x86)/atmel/studio/7.0/toolchain/arm/arm-gnu-toolchain/bin/../lib/gcc/arm-none-eabi/6.3.1/../../../../arm-none-eabi/lib/thumb/v7e-m\libc.a(lib_a-impure.o)
 .data          0x00000000        0x0 c:/program files (x86)/atmel/studio/7.0/toolchain/arm/arm-gnu-toolchain/bin/../lib/gcc/arm-none-eabi/6.3.1/../../../../arm-none-eabi/lib/thumb/v7e-m\libc.a(lib_a-impure.o)
 .bss           0x00000000        0x0 c:/program files (x86)/atmel/studio/7.0/toolchain/arm/arm-gnu-toolchain/bin/../lib/gcc/arm-none-eabi/6.3.1/../../../../arm-none-eabi/lib/thumb/v7e-m\libc.a(lib_a-impure.o)
 .data._impure_ptr
                0x00000000        0x4 c:/program files (x86)/atmel/studio/7.0/toolchain/arm/arm-gnu-toolchain/bin/../lib/gcc/arm-none-eabi/6.3.1/../../../../arm-none-eabi/lib/thumb/v7e-m\libc.a(lib_a-impure.o)
 .text          0x00000000        0x0 c:/program files (x86)/atmel/studio/7.0/toolchain/arm/arm-gnu-toolchain/bin/../lib/gcc/arm-none-eabi/6.3.1/../../../../arm-none-eabi/lib/thumb/v7e-m\libc.a(lib_a-init.o)
 .data          0x00000000        0x0 c:/program files (x86)/atmel/studio/7.0/toolchain/arm/arm-gnu-toolchain/bin/../lib/gcc/arm-none-eabi/6.3.1/../../../../arm-none-eabi/lib/thumb/v7e-m\libc.a(lib_a-init.o)
 .bss           0x00000000        0x0 c:/program files (x86)/atmel/studio/7.0/toolchain/arm/arm-gnu-toolchain/bin/../lib/gcc/arm-none-eabi/6.3.1/../../../../arm-none-eabi/lib/thumb/v7e-m\libc.a(lib_a-init.o)
 .text          0x00000000        0x0 c:/program files (x86)/atmel/studio/7.0/toolchain/arm/arm-gnu-toolchain/bin/../lib/gcc/arm-none-eabi/6.3.1/../../../../arm-none-eabi/lib/thumb/v7e-m\libc.a(lib_a-memset.o)
 .data          0x00000000        0x0 c:/program files (x86)/atmel/studio/7.0/toolchain/arm/arm-gnu-toolchain/bin/../lib/gcc/arm-none-eabi/6.3.1/../../../../arm-none-eabi/lib/thumb/v7e-m\libc.a(lib_a-memset.o)
 .bss           0x00000000        0x0 c:/program files (x86)/atmel/studio/7.0/toolchain/arm/arm-gnu-toolchain/bin/../lib/gcc/arm-none-eabi/6.3.1/../../../../arm-none-eabi/lib/thumb/v7e-m\libc.a(lib_a-memset.o)
 .text.memset   0x00000000       0x9c c:/program files (x86)/atmel/studio/7.0/toolchain/arm/arm-gnu-toolchain/bin/../lib/gcc/arm-none-eabi/6.3.1/../../../../arm-none-eabi/lib/thumb/v7e-m\libc.a(lib_a-memset.o)
 .debug_frame   0x00000000       0x34 c:/program files (x86)/atmel/studio/7.0/toolchain/arm/arm-gnu-toolchain/bin/../lib/gcc/arm-none-eabi/6.3.1/../../../../arm-none-eabi/lib/thumb/v7e-m\libc.a(lib_a-memset.o)
 .ARM.attributes
                0x00000000       0x2e c:/program files (x86)/atmel/studio/7.0/toolchain/arm/arm-gnu-toolchain/bin/../lib/gcc/arm-none-eabi/6.3.1/../../../../arm-none-eabi/lib/thumb/v7e-m\libc.a(lib_a-memset.o)
 .text          0x00000000        0x0 c:/program files (x86)/atmel/studio/7.0/toolchain/arm/arm-gnu-toolchain/bin/../lib/gcc/arm-none-eabi/6.3.1/../../../../arm-none-eabi/lib/thumb/v7e-m\libc.a(lib_a-__call_atexit.o)
 .data          0x00000000        0x0 c:/program files (x86)/atmel/studio/7.0/toolchain/arm/arm-gnu-toolchain/bin/../lib/gcc/arm-none-eabi/6.3.1/../../../../arm-none-eabi/lib/thumb/v7e-m\libc.a(lib_a-__call_atexit.o)
 .bss           0x00000000        0x0 c:/program files (x86)/atmel/studio/7.0/toolchain/arm/arm-gnu-toolchain/bin/../lib/gcc/arm-none-eabi/6.3.1/../../../../arm-none-eabi/lib/thumb/v7e-m\libc.a(lib_a-__call_atexit.o)
 .text.__call_exitprocs
                0x00000000       0xe8 c:/program files (x86)/atmel/studio/7.0/toolchain/arm/arm-gnu-toolchain/bin/../lib/gcc/arm-none-eabi/6.3.1/../../../../arm-none-eabi/lib/thumb/v7e-m\libc.a(lib_a-__call_atexit.o)
 .text          0x00000000        0x0 c:/program files (x86)/atmel/studio/7.0/toolchain/arm/arm-gnu-toolchain/bin/../lib/gcc/arm-none-eabi/6.3.1/../../../../arm-none-eabi/lib/thumb/v7e-m\libc.a(lib_a-atexit.o)
 .data          0x00000000        0x0 c:/program files (x86)/atmel/studio/7.0/toolchain/arm/arm-gnu-toolchain/bin/../lib/gcc/arm-none-eabi/6.3.1/../../../../arm-none-eabi/lib/thumb/v7e-m\libc.a(lib_a-atexit.o)
 .bss           0x00000000        0x0 c:/program files (x86)/atmel/studio/7.0/toolchain/arm/arm-gnu-toolchain/bin/../lib/gcc/arm-none-eabi/6.3.1/../../../../arm-none-eabi/lib/thumb/v7e-m\libc.a(lib_a-atexit.o)
 .text          0x00000000        0x0 c:/program files (x86)/atmel/studio/7.0/toolchain/arm/arm-gnu-toolchain/bin/../lib/gcc/arm-none-eabi/6.3.1/../../../../arm-none-eabi/lib/thumb/v7e-m\libc.a(lib_a-fini.o)
 .data          0x00000000        0x0 c:/program files (x86)/atmel/studio/7.0/toolchain/arm/arm-gnu-toolchain/bin/../lib/gcc/arm-none-eabi/6.3.1/../../../../arm-none-eabi/lib/thumb/v7e-m\libc.a(lib_a-fini.o)
 .bss           0x00000000        0x0 c:/program files (x86)/atmel/studio/7.0/toolchain/arm/arm-gnu-toolchain/bin/../lib/gcc/arm-none-eabi/6.3.1/../../../../arm-none-eabi/lib/thumb/v7e-m\libc.a(lib_a-fini.o)
 .text          0x00000000        0x0 c:/program files (x86)/atmel/studio/7.0/toolchain/arm/arm-gnu-toolchain/bin/../lib/gcc/arm-none-eabi/6.3.1/../../../../arm-none-eabi/lib/thumb/v7e-m\libc.a(lib_a-lock.o)
 .data          0x00000000        0x0 c:/program files (x86)/atmel/studio/7.0/toolchain/arm/arm-gnu-toolchain/bin/../lib/gcc/arm-none-eabi/6.3.1/../../../../arm-none-eabi/lib/thumb/v7e-m\libc.a(lib_a-lock.o)
 .bss           0x00000000        0x0 c:/program files (x86)/atmel/studio/7.0/toolchain/arm/arm-gnu-toolchain/bin/../lib/gcc/arm-none-eabi/6.3.1/../../../../arm-none-eabi/lib/thumb/v7e-m\libc.a(lib_a-lock.o)
 .text.__retarget_lock_init
                0x00000000        0x4 c:/program files (x86)/atmel/studio/7.0/toolchain/arm/arm-gnu-toolchain/bin/../lib/gcc/arm-none-eabi/6.3.1/../../../../arm-none-eabi/lib/thumb/v7e-m\libc.a(lib_a-lock.o)
 .text.__retarget_lock_init_recursive
                0x00000000        0x4 c:/program files (x86)/atmel/studio/7.0/toolchain/arm/arm-gnu-toolchain/bin/../lib/gcc/arm-none-eabi/6.3.1/../../../../arm-none-eabi/lib/thumb/v7e-m\libc.a(lib_a-lock.o)
 .text.__retarget_lock_close
                0x00000000        0x4 c:/program files (x86)/atmel/studio/7.0/toolchain/arm/arm-gnu-toolchain/bin/../lib/gcc/arm-none-eabi/6.3.1/../../../../arm-none-eabi/lib/thumb/v7e-m\libc.a(lib_a-lock.o)
 .text.__retarget_lock_close_recursive
                0x00000000        0x4 c:/program files (x86)/atmel/studio/7.0/toolchain/arm/arm-gnu-toolchain/bin/../lib/gcc/arm-none-eabi/6.3.1/../../../../arm-none-eabi/lib/thumb/v7e-m\libc.a(lib_a-lock.o)
 .text.__retarget_lock_acquire
                0x00000000        0x4 c:/program files (x86)/atmel/studio/7.0/toolchain/arm/arm-gnu-toolchain/bin/../lib/gcc/arm-none-eabi/6.3.1/../../../../arm-none-eabi/lib/thumb/v7e-m\libc.a(lib_a-lock.o)
 .text.__retarget_lock_try_acquire
                0x00000000        0x4 c:/program files (x86)/atmel/studio/7.0/toolchain/arm/arm-gnu-toolchain/bin/../lib/gcc/arm-none-eabi/6.3.1/../../../../arm-none-eabi/lib/thumb/v7e-m\libc.a(lib_a-lock.o)
 .text.__retarget_lock_try_acquire_recursive
                0x00000000        0x4 c:/program files (x86)/atmel/studio/7.0/toolchain/arm/arm-gnu-toolchain/bin/../lib/gcc/arm-none-eabi/6.3.1/../../../../arm-none-eabi/lib/thumb/v7e-m\libc.a(lib_a-lock.o)
 .text.__retarget_lock_release
                0x00000000        0x4 c:/program files (x86)/atmel/studio/7.0/toolchain/arm/arm-gnu-toolchain/bin/../lib/gcc/arm-none-eabi/6.3.1/../../../../arm-none-eabi/lib/thumb/v7e-m\libc.a(lib_a-lock.o)
 .text          0x00000000        0x0 c:/program files (x86)/atmel/studio/7.0/toolchain/arm/arm-gnu-toolchain/bin/../lib/gcc/arm-none-eabi/6.3.1/../../../../arm-none-eabi/lib/thumb/v7e-m\libc.a(lib_a-__atexit.o)
 .data          0x00000000        0x0 c:/program files (x86)/atmel/studio/7.0/toolchain/arm/arm-gnu-toolchain/bin/../lib/gcc/arm-none-eabi/6.3.1/../../../../arm-none-eabi/lib/thumb/v7e-m\libc.a(lib_a-__atexit.o)
 .bss           0x00000000        0x0 c:/program files (x86)/atmel/studio/7.0/toolchain/arm/arm-gnu-toolchain/bin/../lib/gcc/arm-none-eabi/6.3.1/../../../../arm-none-eabi/lib/thumb/v7e-m\libc.a(lib_a-__atexit.o)
 .text          0x00000000        0x0 c:/program files (x86)/atmel/studio/7.0/toolchain/arm/arm-gnu-toolchain/bin/../lib/gcc/arm-none-eabi/6.3.1/thumb/v7e-m/crtend.o
 .data          0x00000000        0x0 c:/program files (x86)/atmel/studio/7.0/toolchain/arm/arm-gnu-toolchain/bin/../lib/gcc/arm-none-eabi/6.3.1/thumb/v7e-m/crtend.o
 .bss           0x00000000        0x0 c:/program files (x86)/atmel/studio/7.0/toolchain/arm/arm-gnu-toolchain/bin/../lib/gcc/arm-none-eabi/6.3.1/thumb/v7e-m/crtend.o
 .eh_frame      0x00000000        0x4 c:/program files (x86)/atmel/studio/7.0/toolchain/arm/arm-gnu-toolchain/bin/../lib/gcc/arm-none-eabi/6.3.1/thumb/v7e-m/crtend.o
 .jcr           0x00000000        0x4 c:/program files (x86)/atmel/studio/7.0/toolchain/arm/arm-gnu-toolchain/bin/../lib/gcc/arm-none-eabi/6.3.1/thumb/v7e-m/crtend.o
 .ARM.attributes
                0x00000000       0x2e c:/program files (x86)/atmel/studio/7.0/toolchain/arm/arm-gnu-toolchain/bin/../lib/gcc/arm-none-eabi/6.3.1/thumb/v7e-m/crtend.o
 .text          0x00000000        0x0 c:/program files (x86)/atmel/studio/7.0/toolchain/arm/arm-gnu-toolchain/bin/../lib/gcc/arm-none-eabi/6.3.1/thumb/v7e-m/crtn.o
 .data          0x00000000        0x0 c:/program files (x86)/atmel/studio/7.0/toolchain/arm/arm-gnu-toolchain/bin/../lib/gcc/arm-none-eabi/6.3.1/thumb/v7e-m/crtn.o
 .bss           0x00000000        0x0 c:/program files (x86)/atmel/studio/7.0/toolchain/arm/arm-gnu-toolchain/bin/../lib/gcc/arm-none-eabi/6.3.1/thumb/v7e-m/crtn.o

Memory Configuration

Name             Origin             Length             Attributes
rom              0x00400000         0x00200000         xr
ram              0x20400000         0x00060000         xrw
*default*        0x00000000         0xffffffff

Linker script and memory map

LOAD c:/program files (x86)/atmel/studio/7.0/toolchain/arm/arm-gnu-toolchain/bin/../lib/gcc/arm-none-eabi/6.3.1/thumb/v7e-m/crti.o
LOAD c:/program files (x86)/atmel/studio/7.0/toolchain/arm/arm-gnu-toolchain/bin/../lib/gcc/arm-none-eabi/6.3.1/thumb/v7e-m/crtbegin.o
LOAD c:/program files (x86)/atmel/studio/7.0/toolchain/arm/arm-gnu-toolchain/bin/../lib/gcc/arm-none-eabi/6.3.1/../../../../arm-none-eabi/lib/thumb/v7e-m/crt0.o
LOAD Device_Startup/startup_same70q21.o
LOAD Device_Startup/system_same70q21.o
LOAD main.o
START GROUP
END GROUP
LOAD c:/program files (x86)/atmel/studio/7.0/toolchain/arm/arm-gnu-toolchain/bin/../lib/gcc/arm-none-eabi/6.3.1/../../../../arm-none-eabi/lib/thumb/v7e-m\libstdc++.a
LOAD c:/program files (x86)/atmel/studio/7.0/toolchain/arm/arm-gnu-toolchain/bin/../lib/gcc/arm-none-eabi/6.3.1/../../../../arm-none-eabi/lib/thumb/v7e-m\libm.a
START GROUP
LOAD c:/program files (x86)/atmel/studio/7.0/toolchain/arm/arm-gnu-toolchain/bin/../lib/gcc/arm-none-eabi/6.3.1/thumb/v7e-m\libgcc.a
LOAD c:/program files (x86)/atmel/studio/7.0/toolchain/arm/arm-gnu-toolchain/bin/../lib/gcc/arm-none-eabi/6.3.1/../../../../arm-none-eabi/lib/thumb/v7e-m\libc.a
END GROUP
LOAD c:/program files (x86)/atmel/studio/7.0/toolchain/arm/arm-gnu-toolchain/bin/../lib/gcc/arm-none-eabi/6.3.1/thumb/v7e-m/crtend.o
LOAD c:/program files (x86)/atmel/studio/7.0/toolchain/arm/arm-gnu-toolchain/bin/../lib/gcc/arm-none-eabi/6.3.1/thumb/v7e-m/crtn.o
                0x00000400                STACK_SIZE = DEFINED (STACK_SIZE)?STACK_SIZE:DEFINED (__stack_size__)?__stack_size__:0x400
                0x00000200                HEAP_SIZE = DEFINED (HEAP_SIZE)?HEAP_SIZE:DEFINED (__heap_size__)?__heap_size__:0x200

.text           0x00400000      0x450
                0x00400000                . = ALIGN (0x4)
                0x00400000                _sfixed = .
 *(.vectors .vectors.*)
 .vectors       0x00400000      0x154 Device_Startup/startup_same70q21.o
                0x00400000                exception_table
 *(.text .text.* .gnu.linkonce.t.*)
 .text          0x00400154       0x6c c:/program files (x86)/atmel/studio/7.0/toolchain/arm/arm-gnu-toolchain/bin/../lib/gcc/arm-none-eabi/6.3.1/thumb/v7e-m/crtbegin.o
 .text.Dummy_Handler
                0x004001c0        0x2 Device_Startup/startup_same70q21.o
                0x004001c0                DACC_Handler
                0x004001c0                SVCall_Handler
                0x004001c0                UART3_Handler
                0x004001c0                UART2_Handler
                0x004001c0                TRNG_Handler
                0x004001c0                HardFault_Handler
                0x004001c0                TC2_Handler
                0x004001c0                SysTick_Handler
                0x004001c0                AFEC1_Handler
                0x004001c0                PendSV_Handler
                0x004001c0                TC7_Handler
                0x004001c0                QSPI_Handler
                0x004001c0                NonMaskableInt_Handler
                0x004001c0                ISI_Handler
                0x004001c0                MCAN0_INT0_Handler
                0x004001c0                TC9_Handler
                0x004001c0                RSWDT_Handler
                0x004001c0                USART0_Handler
                0x004001c0                RTT_Handler
                0x004001c0                USBHS_Handler
                0x004001c0                IXC_Handler
                0x004001c0                CCF_Handler
                0x004001c0                PIOB_Handler
                0x004001c0                RTC_Handler
                0x004001c0                UsageFault_Handler
                0x004001c0                TC6_Handler
                0x004001c0                WDT_Handler
                0x004001c0                MCAN1_INT1_Handler
                0x004001c0                TC4_Handler
                0x004001c0                TC1_Handler
                0x004001c0                HSMCI_Handler
                0x004001c0                UART1_Handler
                0x004001c0                TC3_Handler
                0x004001c0                Dummy_Handler
                0x004001c0                TWIHS1_Handler
                0x004001c0                XDMAC_Handler
                0x004001c0                UART4_Handler
                0x004001c0                PWM1_Handler
                0x004001c0                USART1_Handler
                0x004001c0                PWM0_Handler
                0x004001c0                PIOA_Handler
                0x004001c0                AFEC0_Handler
                0x004001c0                CCW_Handler
                0x004001c0                SSC_Handler
                0x004001c0                TC11_Handler
                0x004001c0                ACC_Handler
                0x004001c0                PMC_Handler
                0x004001c0                GMAC_Handler
                0x004001c0                MCAN0_INT1_Handler
                0x004001c0                SUPC_Handler
                0x004001c0                TC8_Handler
                0x004001c0                MCAN1_INT0_Handler
                0x004001c0                EFC_Handler
                0x004001c0                GMAC_Q1_Handler
                0x004001c0                USART2_Handler
                0x004001c0                SDRAMC_Handler
                0x004001c0                GMAC_Q2_Handler
                0x004001c0                PIOE_Handler
                0x004001c0                SPI1_Handler
                0x004001c0                TC10_Handler
                0x004001c0                PIOD_Handler
                0x004001c0                TWIHS2_Handler
                0x004001c0                UART0_Handler
                0x004001c0                PIOC_Handler
                0x004001c0                FPU_Handler
                0x004001c0                BusFault_Handler
                0x004001c0                RSTC_Handler
                0x004001c0                TC0_Handler
                0x004001c0                MemoryManagement_Handler
                0x004001c0                DebugMonitor_Handler
                0x004001c0                TC5_Handler
                0x004001c0                ICM_Handler
                0x004001c0                AES_Handler
                0x004001c0                TWIHS0_Handler
                0x004001c0                SPI0_Handler
 *fill*         0x004001c2        0x2 
 .text.Reset_Handler
                0x004001c4       0x84 Device_Startup/startup_same70q21.o
                0x004001c4                Reset_Handler
 .text.SystemInit
                0x00400248       0x10 Device_Startup/system_same70q21.o
                0x00400248                SystemInit
 .text.main     0x00400258       0x60 main.o
                0x00400258                main
 .text.__libc_init_array
                0x004002b8       0x50 c:/program files (x86)/atmel/studio/7.0/toolchain/arm/arm-gnu-toolchain/bin/../lib/gcc/arm-none-eabi/6.3.1/../../../../arm-none-eabi/lib/thumb/v7e-m\libc.a(lib_a-init.o)
                0x004002b8                __libc_init_array
 .text.startup.register_fini
                0x00400308       0x14 c:/program files (x86)/atmel/studio/7.0/toolchain/arm/arm-gnu-toolchain/bin/../lib/gcc/arm-none-eabi/6.3.1/../../../../arm-none-eabi/lib/thumb/v7e-m\libc.a(lib_a-__call_atexit.o)
 .text.atexit   0x0040031c        0xc c:/program files (x86)/atmel/studio/7.0/toolchain/arm/arm-gnu-toolchain/bin/../lib/gcc/arm-none-eabi/6.3.1/../../../../arm-none-eabi/lib/thumb/v7e-m\libc.a(lib_a-atexit.o)
                0x0040031c                atexit
 .text.__libc_fini_array
                0x00400328       0x34 c:/program files (x86)/atmel/studio/7.0/toolchain/arm/arm-gnu-toolchain/bin/../lib/gcc/arm-none-eabi/6.3.1/../../../../arm-none-eabi/lib/thumb/v7e-m\libc.a(lib_a-fini.o)
                0x00400328                __libc_fini_array
 .text.__retarget_lock_acquire_recursive
                0x0040035c        0x4 c:/program files (x86)/atmel/studio/7.0/toolchain/arm/arm-gnu-toolchain/bin/../lib/gcc/arm-none-eabi/6.3.1/../../../../arm-none-eabi/lib/thumb/v7e-m\libc.a(lib_a-lock.o)
                0x0040035c                __retarget_lock_acquire_recursive
 .text.__retarget_lock_release_recursive
                0x00400360        0x4 c:/program files (x86)/atmel/studio/7.0/toolchain/arm/arm-gnu-toolchain/bin/../lib/gcc/arm-none-eabi/6.3.1/../../../../arm-none-eabi/lib/thumb/v7e-m\libc.a(lib_a-lock.o)
                0x00400360                __retarget_lock_release_recursive
 .text.__register_exitproc
                0x00400364       0xc4 c:/program files (x86)/atmel/studio/7.0/toolchain/arm/arm-gnu-toolchain/bin/../lib/gcc/arm-none-eabi/6.3.1/../../../../arm-none-eabi/lib/thumb/v7e-m\libc.a(lib_a-__atexit.o)
                0x00400364                __register_exitproc
 *(.glue_7t)
 .glue_7t       0x00400428        0x0 linker stubs
 *(.glue_7)
 .glue_7        0x00400428        0x0 linker stubs
 *(.rodata .rodata* .gnu.linkonce.r.*)
 .rodata._global_impure_ptr
                0x00400428        0x4 c:/program files (x86)/atmel/studio/7.0/toolchain/arm/arm-gnu-toolchain/bin/../lib/gcc/arm-none-eabi/6.3.1/../../../../arm-none-eabi/lib/thumb/v7e-m\libc.a(lib_a-impure.o)
                0x00400428                _global_impure_ptr
 *(.ARM.extab* .gnu.linkonce.armextab.*)
                0x0040042c                . = ALIGN (0x4)
 *(.init)
 .init          0x0040042c        0x4 c:/program files (x86)/atmel/studio/7.0/toolchain/arm/arm-gnu-toolchain/bin/../lib/gcc/arm-none-eabi/6.3.1/thumb/v7e-m/crti.o
                0x0040042c                _init
 .init          0x00400430        0x8 c:/program files (x86)/atmel/studio/7.0/toolchain/arm/arm-gnu-toolchain/bin/../lib/gcc/arm-none-eabi/6.3.1/thumb/v7e-m/crtn.o
                0x00400438                . = ALIGN (0x4)
                0x00400438                __preinit_array_start = .
 *(.preinit_array)
                0x00400438                __preinit_array_end = .
                0x00400438                . = ALIGN (0x4)
                0x00400438                __init_array_start = .
 *(SORT(.init_array.*))
 .init_array.00000
                0x00400438        0x4 c:/program files (x86)/atmel/studio/7.0/toolchain/arm/arm-gnu-toolchain/bin/../lib/gcc/arm-none-eabi/6.3.1/../../../../arm-none-eabi/lib/thumb/v7e-m\libc.a(lib_a-__call_atexit.o)
 *(.init_array)
 .init_array    0x0040043c        0x4 c:/program files (x86)/atmel/studio/7.0/toolchain/arm/arm-gnu-toolchain/bin/../lib/gcc/arm-none-eabi/6.3.1/thumb/v7e-m/crtbegin.o
                0x00400440                __init_array_end = .
                0x00400440                . = ALIGN (0x4)
 *crtbegin.o(.ctors)
 *(EXCLUDE_FILE(*crtend.o) .ctors)
 *(SORT(.ctors.*))
 *crtend.o(.ctors)
                0x00400440                . = ALIGN (0x4)
 *(.fini)
 .fini          0x00400440        0x4 c:/program files (x86)/atmel/studio/7.0/toolchain/arm/arm-gnu-toolchain/bin/../lib/gcc/arm-none-eabi/6.3.1/thumb/v7e-m/crti.o
                0x00400440                _fini
 .fini          0x00400444        0x8 c:/program files (x86)/atmel/studio/7.0/toolchain/arm/arm-gnu-toolchain/bin/../lib/gcc/arm-none-eabi/6.3.1/thumb/v7e-m/crtn.o
                0x0040044c                . = ALIGN (0x4)
                0x0040044c                __fini_array_start = .
 *(.fini_array)
 .fini_array    0x0040044c        0x4 c:/program files (x86)/atmel/studio/7.0/toolchain/arm/arm-gnu-toolchain/bin/../lib/gcc/arm-none-eabi/6.3.1/thumb/v7e-m/crtbegin.o
 *(SORT(.fini_array.*))
                0x00400450                __fini_array_end = .
 *crtbegin.o(.dtors)
 *(EXCLUDE_FILE(*crtend.o) .dtors)
 *(SORT(.dtors.*))
 *crtend.o(.dtors)
                0x00400450                . = ALIGN (0x4)
                0x00400450                _efixed = .
                [!provide]                PROVIDE (__exidx_start, .)

.vfp11_veneer   0x00400450        0x0
 .vfp11_veneer  0x00400450        0x0 linker stubs

.v4_bx          0x00400450        0x0
 .v4_bx         0x00400450        0x0 linker stubs

.iplt           0x00400450        0x0
 .iplt          0x00400450        0x0 c:/program files (x86)/atmel/studio/7.0/toolchain/arm/arm-gnu-toolchain/bin/../lib/gcc/arm-none-eabi/6.3.1/thumb/v7e-m/crtbegin.o

.eh_frame       0x00400450        0x0
 .eh_frame      0x00400450        0x0 c:/program files (x86)/atmel/studio/7.0/toolchain/arm/arm-gnu-toolchain/bin/../lib/gcc/arm-none-eabi/6.3.1/thumb/v7e-m/crtbegin.o

.rel.dyn        0x00400450        0x0
 .rel.iplt      0x00400450        0x0 c:/program files (x86)/atmel/studio/7.0/toolchain/arm/arm-gnu-toolchain/bin/../lib/gcc/arm-none-eabi/6.3.1/thumb/v7e-m/crtbegin.o

.jcr            0x00400450        0x0
 .jcr           0x00400450        0x0 c:/program files (x86)/atmel/studio/7.0/toolchain/arm/arm-gnu-toolchain/bin/../lib/gcc/arm-none-eabi/6.3.1/thumb/v7e-m/crtbegin.o

.igot.plt       0x00400450        0x0
 .igot.plt      0x00400450        0x0 c:/program files (x86)/atmel/studio/7.0/toolchain/arm/arm-gnu-toolchain/bin/../lib/gcc/arm-none-eabi/6.3.1/thumb/v7e-m/crtbegin.o

.ARM.exidx
 *(.ARM.exidx* .gnu.linkonce.armexidx.*)
                [!provide]                PROVIDE (__exidx_end, .)
                0x00400450                . = ALIGN (0x4)
                0x00400450                _etext = .

.relocate       0x20400000      0x434 load address 0x00400450
                0x20400000                . = ALIGN (0x4)
                0x20400000                _srelocate = .
 *(.ramfunc .ramfunc.*)
 *(.data .data.*)
 .data          0x20400000        0x4 Device_Startup/system_same70q21.o
                0x20400000                SystemCoreClock
 *fill*         0x20400004        0x4 
 .data.impure_data
                0x20400008      0x428 c:/program files (x86)/atmel/studio/7.0/toolchain/arm/arm-gnu-toolchain/bin/../lib/gcc/arm-none-eabi/6.3.1/../../../../arm-none-eabi/lib/thumb/v7e-m\libc.a(lib_a-impure.o)
 .data.__atexit_recursive_mutex
                0x20400430        0x4 c:/program files (x86)/atmel/studio/7.0/toolchain/arm/arm-gnu-toolchain/bin/../lib/gcc/arm-none-eabi/6.3.1/../../../../arm-none-eabi/lib/thumb/v7e-m\libc.a(lib_a-__call_atexit.o)
                0x20400430                __atexit_recursive_mutex
                0x20400434                . = ALIGN (0x4)
                0x20400434                _erelocate = .

.bss            0x20400434       0x40 load address 0x00400884
                0x20400434                . = ALIGN (0x4)
                0x20400434                _sbss = .
                0x20400434                _szero = .
 *(.bss .bss.*)
 .bss           0x20400434       0x1c c:/program files (x86)/atmel/studio/7.0/toolchain/arm/arm-gnu-toolchain/bin/../lib/gcc/arm-none-eabi/6.3.1/thumb/v7e-m/crtbegin.o
 *(COMMON)
 COMMON         0x20400450       0x21 c:/program files (x86)/atmel/studio/7.0/toolchain/arm/arm-gnu-toolchain/bin/../lib/gcc/arm-none-eabi/6.3.1/../../../../arm-none-eabi/lib/thumb/v7e-m\libc.a(lib_a-lock.o)
                0x20400450                __lock___atexit_recursive_mutex
                0x20400454                __lock___arc4random_mutex
                0x20400458                __lock___env_recursive_mutex
                0x2040045c                __lock___sinit_recursive_mutex
                0x20400460                __lock___malloc_recursive_mutex
                0x20400464                __lock___at_quick_exit_mutex
                0x20400468                __lock___dd_hash_mutex
                0x2040046c                __lock___tz_mutex
                0x20400470                __lock___sfp_recursive_mutex
                0x20400474                . = ALIGN (0x4)
 *fill*         0x20400471        0x3 
                0x20400474                _ebss = .
                0x20400474                _ezero = .

.heap           0x20400474      0x204 load address 0x004008c4
                0x20400478                . = ALIGN (0x8)
 *fill*         0x20400474        0x4 
                0x20400478                _sheap = .
                0x20400678                . = (. + HEAP_SIZE)
 *fill*         0x20400478      0x200 
                0x20400678                . = ALIGN (0x8)
                0x20400678                _eheap = .

.stack          0x20400678      0x400 load address 0x00400ac8
                0x20400678                . = ALIGN (0x8)
                0x20400678                _sstack = .
                0x20400a78                . = (. + STACK_SIZE)
 *fill*         0x20400678      0x400 
                0x20400a78                . = ALIGN (0x8)
                0x20400a78                _estack = .
                0x20400a78                . = ALIGN (0x4)
                0x20400a78                _end = .
                0x2045ffff                _ram_end_ = ((ORIGIN (ram) + LENGTH (ram)) - 0x1)
OUTPUT(SamE70Learning.elf elf32-littlearm)

.ARM.attributes
                0x00000000       0x2a
 .ARM.attributes
                0x00000000       0x1e c:/program files (x86)/atmel/studio/7.0/toolchain/arm/arm-gnu-toolchain/bin/../lib/gcc/arm-none-eabi/6.3.1/thumb/v7e-m/crti.o
 .ARM.attributes
                0x0000001e       0x2e c:/program files (x86)/atmel/studio/7.0/toolchain/arm/arm-gnu-toolchain/bin/../lib/gcc/arm-none-eabi/6.3.1/thumb/v7e-m/crtbegin.o
 .ARM.attributes
                0x0000004c       0x33 Device_Startup/startup_same70q21.o
 .ARM.attributes
                0x0000007f       0x33 Device_Startup/system_same70q21.o
 .ARM.attributes
                0x000000b2       0x33 main.o
 .ARM.attributes
                0x000000e5       0x2e c:/program files (x86)/atmel/studio/7.0/toolchain/arm/arm-gnu-toolchain/bin/../lib/gcc/arm-none-eabi/6.3.1/../../../../arm-none-eabi/lib/thumb/v7e-m\libc.a(lib_a-impure.o)
 .ARM.attributes
                0x00000113       0x2e c:/program files (x86)/atmel/studio/7.0/toolchain/arm/arm-gnu-toolchain/bin/../lib/gcc/arm-none-eabi/6.3.1/../../../../arm-none-eabi/lib/thumb/v7e-m\libc.a(lib_a-init.o)
 .ARM.attributes
                0x00000141       0x2e c:/program files (x86)/atmel/studio/7.0/toolchain/arm/arm-gnu-toolchain/bin/../lib/gcc/arm-none-eabi/6.3.1/../../../../arm-none-eabi/lib/thumb/v7e-m\libc.a(lib_a-__call_atexit.o)
 .ARM.attributes
                0x0000016f       0x2e c:/program files (x86)/atmel/studio/7.0/toolchain/arm/arm-gnu-toolchain/bin/../lib/gcc/arm-none-eabi/6.3.1/../../../../arm-none-eabi/lib/thumb/v7e-m\libc.a(lib_a-atexit.o)
 .ARM.attributes
                0x0000019d       0x2e c:/program files (x86)/atmel/studio/7.0/toolchain/arm/arm-gnu-toolchain/bin/../lib/gcc/arm-none-eabi/6.3.1/../../../../arm-none-eabi/lib/thumb/v7e-m\libc.a(lib_a-fini.o)
 .ARM.attributes
                0x000001cb       0x2e c:/program files (x86)/atmel/studio/7.0/toolchain/arm/arm-gnu-toolchain/bin/../lib/gcc/arm-none-eabi/6.3.1/../../../../arm-none-eabi/lib/thumb/v7e-m\libc.a(lib_a-lock.o)
 .ARM.attributes
                0x000001f9       0x2e c:/program files (x86)/atmel/studio/7.0/toolchain/arm/arm-gnu-toolchain/bin/../lib/gcc/arm-none-eabi/6.3.1/../../../../arm-none-eabi/lib/thumb/v7e-m\libc.a(lib_a-__atexit.o)
 .ARM.attributes
                0x00000227       0x1e c:/program files (x86)/atmel/studio/7.0/toolchain/arm/arm-gnu-toolchain/bin/../lib/gcc/arm-none-eabi/6.3.1/thumb/v7e-m/crtn.o

.comment        0x00000000       0x59
 .comment       0x00000000       0x59 Device_Startup/startup_same70q21.o
                                 0x5a (size before relaxing)
 .comment       0x00000059       0x5a Device_Startup/system_same70q21.o
 .comment       0x00000059       0x5a main.o

.debug_info     0x00000000     0x11fb
 .debug_info    0x00000000      0xace Device_Startup/startup_same70q21.o
 .debug_info    0x00000ace       0xf6 Device_Startup/system_same70q21.o
 .debug_info    0x00000bc4      0x637 main.o

.debug_abbrev   0x00000000      0x2df
 .debug_abbrev  0x00000000      0x153 Device_Startup/startup_same70q21.o
 .debug_abbrev  0x00000153       0x7d Device_Startup/system_same70q21.o
 .debug_abbrev  0x000001d0      0x10f main.o

.debug_loc      0x00000000       0xeb
 .debug_loc     0x00000000       0x6b Device_Startup/startup_same70q21.o
 .debug_loc     0x0000006b       0x80 main.o

.debug_aranges  0x00000000       0x70
 .debug_aranges
                0x00000000       0x28 Device_Startup/startup_same70q21.o
 .debug_aranges
                0x00000028       0x28 Device_Startup/system_same70q21.o
 .debug_aranges
                0x00000050       0x20 main.o

.debug_ranges   0x00000000       0x40
 .debug_ranges  0x00000000       0x18 Device_Startup/startup_same70q21.o
 .debug_ranges  0x00000018       0x18 Device_Startup/system_same70q21.o
 .debug_ranges  0x00000030       0x10 main.o

.debug_macro    0x00000000    0x327e2
 .debug_macro   0x00000000      0x42e Device_Startup/startup_same70q21.o
 .debug_macro   0x0000042e      0x8b0 Device_Startup/startup_same70q21.o
 .debug_macro   0x00000cde       0x22 Device_Startup/startup_same70q21.o
 .debug_macro   0x00000d00       0x87 Device_Startup/startup_same70q21.o
 .debug_macro   0x00000d87       0x51 Device_Startup/startup_same70q21.o
 .debug_macro   0x00000dd8       0xef Device_Startup/startup_same70q21.o
 .debug_macro   0x00000ec7       0x6a Device_Startup/startup_same70q21.o
 .debug_macro   0x00000f31      0x1df Device_Startup/startup_same70q21.o
 .debug_macro   0x00001110       0x99 Device_Startup/startup_same70q21.o
 .debug_macro   0x000011a9       0x28 Device_Startup/startup_same70q21.o
 .debug_macro   0x000011d1       0xaf Device_Startup/startup_same70q21.o
 .debug_macro   0x00001280     0x128e Device_Startup/startup_same70q21.o
 .debug_macro   0x0000250e      0x3dc Device_Startup/startup_same70q21.o
 .debug_macro   0x000028ea      0x58c Device_Startup/startup_same70q21.o
 .debug_macro   0x00002e76     0x1791 Device_Startup/startup_same70q21.o
 .debug_macro   0x00004607      0x3b7 Device_Startup/startup_same70q21.o
 .debug_macro   0x000049be      0x82b Device_Startup/startup_same70q21.o
 .debug_macro   0x000051e9      0x310 Device_Startup/startup_same70q21.o
 .debug_macro   0x000054f9     0x3466 Device_Startup/startup_same70q21.o
 .debug_macro   0x0000895f       0x40 Device_Startup/startup_same70q21.o
 .debug_macro   0x0000899f     0x105a Device_Startup/startup_same70q21.o
 .debug_macro   0x000099f9      0x54f Device_Startup/startup_same70q21.o
 .debug_macro   0x00009f48      0xb8f Device_Startup/startup_same70q21.o
 .debug_macro   0x0000aad7      0x528 Device_Startup/startup_same70q21.o
 .debug_macro   0x0000afff     0x3197 Device_Startup/startup_same70q21.o
 .debug_macro   0x0000e196     0x83fb Device_Startup/startup_same70q21.o
 .debug_macro   0x00016591     0x3010 Device_Startup/startup_same70q21.o
 .debug_macro   0x000195a1     0x2440 Device_Startup/startup_same70q21.o
 .debug_macro   0x0001b9e1      0x879 Device_Startup/startup_same70q21.o
 .debug_macro   0x0001c25a      0x17d Device_Startup/startup_same70q21.o
 .debug_macro   0x0001c3d7      0x118 Device_Startup/startup_same70q21.o
 .debug_macro   0x0001c4ef      0x950 Device_Startup/startup_same70q21.o
 .debug_macro   0x0001ce3f      0x121 Device_Startup/startup_same70q21.o
 .debug_macro   0x0001cf60      0x4fc Device_Startup/startup_same70q21.o
 .debug_macro   0x0001d45c      0x3e0 Device_Startup/startup_same70q21.o
 .debug_macro   0x0001d83c      0x698 Device_Startup/startup_same70q21.o
 .debug_macro   0x0001ded4      0xb5f Device_Startup/startup_same70q21.o
 .debug_macro   0x0001ea33      0xefd Device_Startup/startup_same70q21.o
 .debug_macro   0x0001f930      0xbad Device_Startup/startup_same70q21.o
 .debug_macro   0x000204dd      0x120 Device_Startup/startup_same70q21.o
 .debug_macro   0x000205fd      0xbbe Device_Startup/startup_same70q21.o
 .debug_macro   0x000211bb      0x5bf Device_Startup/startup_same70q21.o
 .debug_macro   0x0002177a     0x1204 Device_Startup/startup_same70q21.o
 .debug_macro   0x0002297e     0x34e1 Device_Startup/startup_same70q21.o
 .debug_macro   0x00025e5f       0xb2 Device_Startup/startup_same70q21.o
 .debug_macro   0x00025f11      0x12d Device_Startup/startup_same70q21.o
 .debug_macro   0x0002603e     0x2781 Device_Startup/startup_same70q21.o
 .debug_macro   0x000287bf       0x46 Device_Startup/startup_same70q21.o
 .debug_macro   0x00028805      0x145 Device_Startup/startup_same70q21.o
 .debug_macro   0x0002894a       0xc4 Device_Startup/startup_same70q21.o
 .debug_macro   0x00028a0e       0xc4 Device_Startup/startup_same70q21.o
 .debug_macro   0x00028ad2       0x16 Device_Startup/startup_same70q21.o
 .debug_macro   0x00028ae8       0x76 Device_Startup/startup_same70q21.o
 .debug_macro   0x00028b5e       0x40 Device_Startup/startup_same70q21.o
 .debug_macro   0x00028b9e      0x56d Device_Startup/startup_same70q21.o
 .debug_macro   0x0002910b       0x40 Device_Startup/startup_same70q21.o
 .debug_macro   0x0002914b      0x7c7 Device_Startup/startup_same70q21.o
 .debug_macro   0x00029912       0x82 Device_Startup/startup_same70q21.o
 .debug_macro   0x00029994       0xa6 Device_Startup/startup_same70q21.o
 .debug_macro   0x00029a3a      0x128 Device_Startup/startup_same70q21.o
 .debug_macro   0x00029b62      0x119 Device_Startup/startup_same70q21.o
 .debug_macro   0x00029c7b      0x119 Device_Startup/startup_same70q21.o
 .debug_macro   0x00029d94      0x17e Device_Startup/startup_same70q21.o
 .debug_macro   0x00029f12      0x177 Device_Startup/startup_same70q21.o
 .debug_macro   0x0002a089      0x177 Device_Startup/startup_same70q21.o
 .debug_macro   0x0002a200      0x177 Device_Startup/startup_same70q21.o
 .debug_macro   0x0002a377      0x177 Device_Startup/startup_same70q21.o
 .debug_macro   0x0002a4ee      0x11f Device_Startup/startup_same70q21.o
 .debug_macro   0x0002a60d      0x313 Device_Startup/startup_same70q21.o
 .debug_macro   0x0002a920      0x313 Device_Startup/startup_same70q21.o
 .debug_macro   0x0002ac33       0x7c Device_Startup/startup_same70q21.o
 .debug_macro   0x0002acaf       0x22 Device_Startup/startup_same70q21.o
 .debug_macro   0x0002acd1       0x22 Device_Startup/startup_same70q21.o
 .debug_macro   0x0002acf3       0x5e Device_Startup/startup_same70q21.o
 .debug_macro   0x0002ad51       0x28 Device_Startup/startup_same70q21.o
 .debug_macro   0x0002ad79       0x5e Device_Startup/startup_same70q21.o
 .debug_macro   0x0002add7       0x8e Device_Startup/startup_same70q21.o
 .debug_macro   0x0002ae65       0x76 Device_Startup/startup_same70q21.o
 .debug_macro   0x0002aedb       0x76 Device_Startup/startup_same70q21.o
 .debug_macro   0x0002af51       0x88 Device_Startup/startup_same70q21.o
 .debug_macro   0x0002afd9       0x34 Device_Startup/startup_same70q21.o
 .debug_macro   0x0002b00d      0x144 Device_Startup/startup_same70q21.o
 .debug_macro   0x0002b151      0x144 Device_Startup/startup_same70q21.o
 .debug_macro   0x0002b295      0x144 Device_Startup/startup_same70q21.o
 .debug_macro   0x0002b3d9      0x144 Device_Startup/startup_same70q21.o
 .debug_macro   0x0002b51d       0x34 Device_Startup/startup_same70q21.o
 .debug_macro   0x0002b551       0x7c Device_Startup/startup_same70q21.o
 .debug_macro   0x0002b5cd       0x7c Device_Startup/startup_same70q21.o
 .debug_macro   0x0002b649       0x7c Device_Startup/startup_same70q21.o
 .debug_macro   0x0002b6c5       0x5e Device_Startup/startup_same70q21.o
 .debug_macro   0x0002b723       0x5e Device_Startup/startup_same70q21.o
 .debug_macro   0x0002b781       0x5e Device_Startup/startup_same70q21.o
 .debug_macro   0x0002b7df       0x5e Device_Startup/startup_same70q21.o
 .debug_macro   0x0002b83d       0x5e Device_Startup/startup_same70q21.o
 .debug_macro   0x0002b89b       0xd6 Device_Startup/startup_same70q21.o
 .debug_macro   0x0002b971       0xd6 Device_Startup/startup_same70q21.o
 .debug_macro   0x0002ba47       0xd6 Device_Startup/startup_same70q21.o
 .debug_macro   0x0002bb1d      0x718 Device_Startup/startup_same70q21.o
 .debug_macro   0x0002c235       0x16 Device_Startup/startup_same70q21.o
 .debug_macro   0x0002c24b       0x22 Device_Startup/startup_same70q21.o
 .debug_macro   0x0002c26d      0x9b8 Device_Startup/startup_same70q21.o
 .debug_macro   0x0002cc25      0x559 Device_Startup/startup_same70q21.o
 .debug_macro   0x0002d17e     0x2fcb Device_Startup/startup_same70q21.o
 .debug_macro   0x00030149      0x169 Device_Startup/startup_same70q21.o
 .debug_macro   0x000302b2      0x434 Device_Startup/system_same70q21.o
 .debug_macro   0x000306e6      0x449 main.o
 .debug_macro   0x00030b2f      0x982 main.o
 .debug_macro   0x000314b1       0x1c main.o
 .debug_macro   0x000314cd       0x87 main.o
 .debug_macro   0x00031554     0x128e main.o

.debug_line     0x00000000     0x180e
 .debug_line    0x00000000      0x813 Device_Startup/startup_same70q21.o
 .debug_line    0x00000813      0x804 Device_Startup/system_same70q21.o
 .debug_line    0x00001017      0x7f7 main.o

.debug_str      0x00000000   0x1121fa
 .debug_str     0x00000000   0x11190c Device_Startup/startup_same70q21.o
                             0x112183 (size before relaxing)
 .debug_str     0x0011190c       0x70 Device_Startup/system_same70q21.o
                             0x111a36 (size before relaxing)
 .debug_str     0x0011197c      0x87e main.o
                             0x1120d4 (size before relaxing)

.debug_frame    0x00000000      0x250
 .debug_frame   0x00000000       0x38 Device_Startup/startup_same70q21.o
 .debug_frame   0x00000038       0x30 Device_Startup/system_same70q21.o
 .debug_frame   0x00000068       0x28 main.o
 .debug_frame   0x00000090       0x2c c:/program files (x86)/atmel/studio/7.0/toolchain/arm/arm-gnu-toolchain/bin/../lib/gcc/arm-none-eabi/6.3.1/../../../../arm-none-eabi/lib/thumb/v7e-m\libc.a(lib_a-init.o)
 .debug_frame   0x000000bc       0x5c c:/program files (x86)/atmel/studio/7.0/toolchain/arm/arm-gnu-toolchain/bin/../lib/gcc/arm-none-eabi/6.3.1/../../../../arm-none-eabi/lib/thumb/v7e-m\libc.a(lib_a-__call_atexit.o)
 .debug_frame   0x00000118       0x20 c:/program files (x86)/atmel/studio/7.0/toolchain/arm/arm-gnu-toolchain/bin/../lib/gcc/arm-none-eabi/6.3.1/../../../../arm-none-eabi/lib/thumb/v7e-m\libc.a(lib_a-atexit.o)
 .debug_frame   0x00000138       0x34 c:/program files (x86)/atmel/studio/7.0/toolchain/arm/arm-gnu-toolchain/bin/../lib/gcc/arm-none-eabi/6.3.1/../../../../arm-none-eabi/lib/thumb/v7e-m\libc.a(lib_a-fini.o)
 .debug_frame   0x0000016c       0xb0 c:/program files (x86)/atmel/studio/7.0/toolchain/arm/arm-gnu-toolchain/bin/../lib/gcc/arm-none-eabi/6.3.1/../../../../arm-none-eabi/lib/thumb/v7e-m\libc.a(lib_a-lock.o)
 .debug_frame   0x0000021c       0x34 c:/program files (x86)/atmel/studio/7.0/toolchain/arm/arm-gnu-toolchain/bin/../lib/gcc/arm-none-eabi/6.3.1/../../../../arm-none-eabi/lib/thumb/v7e-m\libc.a(lib_a-__atexit.o)
